

================================================================
== Vitis HLS Report for 'node7'
================================================================
* Date:           Tue Oct  1 18:07:55 2024

* Version:        2023.2 (Build 4023990 on Oct 11 2023)
* Project:        hls_k7mmseq_balanced
* Solution:       solution1 (Vivado IP Flow Target)
* Product family: virtexuplusHBM
* Target device:  xcu280-fsvh2892-2L-e


================================================================
== Performance Estimates
================================================================
+ Timing: 
    * Summary: 
    +--------+---------+----------+------------+
    |  Clock |  Target | Estimated| Uncertainty|
    +--------+---------+----------+------------+
    |ap_clk  |  3.33 ns|  3.506 ns|     0.90 ns|
    +--------+---------+----------+------------+

+ Latency: 
    * Summary: 
    +---------+---------+-----------+-----------+------+------+---------+
    |  Latency (cycles) |   Latency (absolute)  |   Interval  | Pipeline|
    |   min   |   max   |    min    |    max    |  min |  max |   Type  |
    +---------+---------+-----------+-----------+------+------+---------+
    |     4118|     4118|  14.438 us|  14.438 us|  4118|  4118|       no|
    +---------+---------+-----------+-----------+------+------+---------+

    + Detail: 
        * Instance: 
        N/A

        * Loop: 
        +------------------------+---------+---------+----------+-----------+-----------+------+----------+
        |                        |  Latency (cycles) | Iteration|  Initiation Interval  | Trip |          |
        |        Loop Name       |   min   |   max   |  Latency |  achieved |   target  | Count| Pipelined|
        +------------------------+---------+---------+----------+-----------+-----------+------+----------+
        |- loop40_loop41_loop42  |     4116|     4116|        22|          1|          1|  4096|       yes|
        +------------------------+---------+---------+----------+-----------+-----------+------+----------+



================================================================
== Utilization Estimates
================================================================
* Summary: 
+---------------------+---------+------+---------+---------+-----+
|         Name        | BRAM_18K|  DSP |    FF   |   LUT   | URAM|
+---------------------+---------+------+---------+---------+-----+
|DSP                  |        -|     -|        -|        -|    -|
|Expression           |        -|     -|        0|      755|    -|
|FIFO                 |        -|     -|        -|        -|    -|
|Instance             |        -|   224|    25904|    24384|    -|
|Memory               |       16|     -|        0|        0|    0|
|Multiplexer          |        -|     -|        -|      252|    -|
|Register             |        -|     -|     6564|      832|    -|
+---------------------+---------+------+---------+---------+-----+
|Total                |       16|   224|    32468|    26223|    0|
+---------------------+---------+------+---------+---------+-----+
|Available SLR        |     1344|  3008|   869120|   434560|  320|
+---------------------+---------+------+---------+---------+-----+
|Utilization SLR (%)  |        1|     7|        3|        6|    0|
+---------------------+---------+------+---------+---------+-----+
|Available            |     4032|  9024|  2607360|  1303680|  960|
+---------------------+---------+------+---------+---------+-----+
|Utilization (%)      |       ~0|     2|        1|        2|    0|
+---------------------+---------+------+---------+---------+-----+

+ Detail: 
    * Instance: 
    +------------------------------------+--------------------------------+---------+----+-----+-----+-----+
    |              Instance              |             Module             | BRAM_18K| DSP|  FF | LUT | URAM|
    +------------------------------------+--------------------------------+---------+----+-----+-----+-----+
    |fadd_32ns_32ns_32_5_no_dsp_1_U1     |fadd_32ns_32ns_32_5_no_dsp_1    |        0|   0|  243|  338|    0|
    |fadd_32ns_32ns_32_5_no_dsp_1_U2     |fadd_32ns_32ns_32_5_no_dsp_1    |        0|   0|  243|  338|    0|
    |fadd_32ns_32ns_32_5_no_dsp_1_U3     |fadd_32ns_32ns_32_5_no_dsp_1    |        0|   0|  243|  338|    0|
    |fadd_32ns_32ns_32_5_no_dsp_1_U4     |fadd_32ns_32ns_32_5_no_dsp_1    |        0|   0|  243|  338|    0|
    |fadd_32ns_32ns_32_5_no_dsp_1_U5     |fadd_32ns_32ns_32_5_no_dsp_1    |        0|   0|  243|  338|    0|
    |fadd_32ns_32ns_32_5_no_dsp_1_U6     |fadd_32ns_32ns_32_5_no_dsp_1    |        0|   0|  243|  338|    0|
    |fadd_32ns_32ns_32_5_no_dsp_1_U7     |fadd_32ns_32ns_32_5_no_dsp_1    |        0|   0|  243|  338|    0|
    |fadd_32ns_32ns_32_5_no_dsp_1_U8     |fadd_32ns_32ns_32_5_no_dsp_1    |        0|   0|  243|  338|    0|
    |fadd_32ns_32ns_32_5_no_dsp_1_U9     |fadd_32ns_32ns_32_5_no_dsp_1    |        0|   0|  243|  338|    0|
    |fadd_32ns_32ns_32_5_no_dsp_1_U10    |fadd_32ns_32ns_32_5_no_dsp_1    |        0|   0|  243|  338|    0|
    |fadd_32ns_32ns_32_5_no_dsp_1_U11    |fadd_32ns_32ns_32_5_no_dsp_1    |        0|   0|  243|  338|    0|
    |fadd_32ns_32ns_32_5_no_dsp_1_U12    |fadd_32ns_32ns_32_5_no_dsp_1    |        0|   0|  243|  338|    0|
    |fadd_32ns_32ns_32_5_no_dsp_1_U13    |fadd_32ns_32ns_32_5_no_dsp_1    |        0|   0|  243|  338|    0|
    |fadd_32ns_32ns_32_5_no_dsp_1_U14    |fadd_32ns_32ns_32_5_no_dsp_1    |        0|   0|  243|  338|    0|
    |fadd_32ns_32ns_32_5_no_dsp_1_U15    |fadd_32ns_32ns_32_5_no_dsp_1    |        0|   0|  243|  338|    0|
    |fadd_32ns_32ns_32_5_no_dsp_1_U16    |fadd_32ns_32ns_32_5_no_dsp_1    |        0|   0|  243|  338|    0|
    |fadd_32ns_32ns_32_5_no_dsp_1_U33    |fadd_32ns_32ns_32_5_no_dsp_1    |        0|   0|  243|  338|    0|
    |fadd_32ns_32ns_32_5_no_dsp_1_U34    |fadd_32ns_32ns_32_5_no_dsp_1    |        0|   0|  243|  338|    0|
    |fadd_32ns_32ns_32_5_no_dsp_1_U35    |fadd_32ns_32ns_32_5_no_dsp_1    |        0|   0|  243|  338|    0|
    |fadd_32ns_32ns_32_5_no_dsp_1_U36    |fadd_32ns_32ns_32_5_no_dsp_1    |        0|   0|  243|  338|    0|
    |fadd_32ns_32ns_32_5_no_dsp_1_U37    |fadd_32ns_32ns_32_5_no_dsp_1    |        0|   0|  243|  338|    0|
    |fadd_32ns_32ns_32_5_no_dsp_1_U38    |fadd_32ns_32ns_32_5_no_dsp_1    |        0|   0|  243|  338|    0|
    |fadd_32ns_32ns_32_5_no_dsp_1_U39    |fadd_32ns_32ns_32_5_no_dsp_1    |        0|   0|  243|  338|    0|
    |fadd_32ns_32ns_32_5_no_dsp_1_U40    |fadd_32ns_32ns_32_5_no_dsp_1    |        0|   0|  243|  338|    0|
    |fadd_32ns_32ns_32_5_no_dsp_1_U41    |fadd_32ns_32ns_32_5_no_dsp_1    |        0|   0|  243|  338|    0|
    |fadd_32ns_32ns_32_5_no_dsp_1_U42    |fadd_32ns_32ns_32_5_no_dsp_1    |        0|   0|  243|  338|    0|
    |fadd_32ns_32ns_32_5_no_dsp_1_U43    |fadd_32ns_32ns_32_5_no_dsp_1    |        0|   0|  243|  338|    0|
    |fadd_32ns_32ns_32_5_no_dsp_1_U44    |fadd_32ns_32ns_32_5_no_dsp_1    |        0|   0|  243|  338|    0|
    |fadd_32ns_32ns_32_5_no_dsp_1_U45    |fadd_32ns_32ns_32_5_no_dsp_1    |        0|   0|  243|  338|    0|
    |fadd_32ns_32ns_32_5_no_dsp_1_U46    |fadd_32ns_32ns_32_5_no_dsp_1    |        0|   0|  243|  338|    0|
    |fadd_32ns_32ns_32_5_no_dsp_1_U47    |fadd_32ns_32ns_32_5_no_dsp_1    |        0|   0|  243|  338|    0|
    |fadd_32ns_32ns_32_5_no_dsp_1_U48    |fadd_32ns_32ns_32_5_no_dsp_1    |        0|   0|  243|  338|    0|
    |fadd_32ns_32ns_32_5_no_dsp_1_U49    |fadd_32ns_32ns_32_5_no_dsp_1    |        0|   0|  243|  338|    0|
    |fadd_32ns_32ns_32_5_no_dsp_1_U50    |fadd_32ns_32ns_32_5_no_dsp_1    |        0|   0|  243|  338|    0|
    |fadd_32ns_32ns_32_5_no_dsp_1_U51    |fadd_32ns_32ns_32_5_no_dsp_1    |        0|   0|  243|  338|    0|
    |fadd_32ns_32ns_32_5_no_dsp_1_U52    |fadd_32ns_32ns_32_5_no_dsp_1    |        0|   0|  243|  338|    0|
    |fadd_32ns_32ns_32_5_no_dsp_1_U53    |fadd_32ns_32ns_32_5_no_dsp_1    |        0|   0|  243|  338|    0|
    |fadd_32ns_32ns_32_5_no_dsp_1_U54    |fadd_32ns_32ns_32_5_no_dsp_1    |        0|   0|  243|  338|    0|
    |fadd_32ns_32ns_32_5_no_dsp_1_U55    |fadd_32ns_32ns_32_5_no_dsp_1    |        0|   0|  243|  338|    0|
    |fadd_32ns_32ns_32_5_no_dsp_1_U56    |fadd_32ns_32ns_32_5_no_dsp_1    |        0|   0|  243|  338|    0|
    |fadd_32ns_32ns_32_5_no_dsp_1_U57    |fadd_32ns_32ns_32_5_no_dsp_1    |        0|   0|  243|  338|    0|
    |fadd_32ns_32ns_32_5_no_dsp_1_U58    |fadd_32ns_32ns_32_5_no_dsp_1    |        0|   0|  243|  338|    0|
    |fadd_32ns_32ns_32_5_no_dsp_1_U59    |fadd_32ns_32ns_32_5_no_dsp_1    |        0|   0|  243|  338|    0|
    |fadd_32ns_32ns_32_5_no_dsp_1_U60    |fadd_32ns_32ns_32_5_no_dsp_1    |        0|   0|  243|  338|    0|
    |fadd_32ns_32ns_32_5_no_dsp_1_U61    |fadd_32ns_32ns_32_5_no_dsp_1    |        0|   0|  243|  338|    0|
    |fadd_32ns_32ns_32_5_no_dsp_1_U62    |fadd_32ns_32ns_32_5_no_dsp_1    |        0|   0|  243|  338|    0|
    |fadd_32ns_32ns_32_5_no_dsp_1_U63    |fadd_32ns_32ns_32_5_no_dsp_1    |        0|   0|  243|  338|    0|
    |fadd_32ns_32ns_32_5_no_dsp_1_U64    |fadd_32ns_32ns_32_5_no_dsp_1    |        0|   0|  243|  338|    0|
    |fadd_32ns_32ns_32_7_full_dsp_1_U17  |fadd_32ns_32ns_32_7_full_dsp_1  |        0|   2|  318|  198|    0|
    |fadd_32ns_32ns_32_7_full_dsp_1_U18  |fadd_32ns_32ns_32_7_full_dsp_1  |        0|   2|  318|  198|    0|
    |fadd_32ns_32ns_32_7_full_dsp_1_U19  |fadd_32ns_32ns_32_7_full_dsp_1  |        0|   2|  318|  198|    0|
    |fadd_32ns_32ns_32_7_full_dsp_1_U20  |fadd_32ns_32ns_32_7_full_dsp_1  |        0|   2|  318|  198|    0|
    |fadd_32ns_32ns_32_7_full_dsp_1_U21  |fadd_32ns_32ns_32_7_full_dsp_1  |        0|   2|  318|  198|    0|
    |fadd_32ns_32ns_32_7_full_dsp_1_U22  |fadd_32ns_32ns_32_7_full_dsp_1  |        0|   2|  318|  198|    0|
    |fadd_32ns_32ns_32_7_full_dsp_1_U23  |fadd_32ns_32ns_32_7_full_dsp_1  |        0|   2|  318|  198|    0|
    |fadd_32ns_32ns_32_7_full_dsp_1_U24  |fadd_32ns_32ns_32_7_full_dsp_1  |        0|   2|  318|  198|    0|
    |fadd_32ns_32ns_32_7_full_dsp_1_U25  |fadd_32ns_32ns_32_7_full_dsp_1  |        0|   2|  318|  198|    0|
    |fadd_32ns_32ns_32_7_full_dsp_1_U26  |fadd_32ns_32ns_32_7_full_dsp_1  |        0|   2|  318|  198|    0|
    |fadd_32ns_32ns_32_7_full_dsp_1_U27  |fadd_32ns_32ns_32_7_full_dsp_1  |        0|   2|  318|  198|    0|
    |fadd_32ns_32ns_32_7_full_dsp_1_U28  |fadd_32ns_32ns_32_7_full_dsp_1  |        0|   2|  318|  198|    0|
    |fadd_32ns_32ns_32_7_full_dsp_1_U29  |fadd_32ns_32ns_32_7_full_dsp_1  |        0|   2|  318|  198|    0|
    |fadd_32ns_32ns_32_7_full_dsp_1_U30  |fadd_32ns_32ns_32_7_full_dsp_1  |        0|   2|  318|  198|    0|
    |fadd_32ns_32ns_32_7_full_dsp_1_U31  |fadd_32ns_32ns_32_7_full_dsp_1  |        0|   2|  318|  198|    0|
    |fadd_32ns_32ns_32_7_full_dsp_1_U32  |fadd_32ns_32ns_32_7_full_dsp_1  |        0|   2|  318|  198|    0|
    |fmul_32ns_32ns_32_4_max_dsp_1_U65   |fmul_32ns_32ns_32_4_max_dsp_1   |        0|   3|  143|   78|    0|
    |fmul_32ns_32ns_32_4_max_dsp_1_U66   |fmul_32ns_32ns_32_4_max_dsp_1   |        0|   3|  143|   78|    0|
    |fmul_32ns_32ns_32_4_max_dsp_1_U67   |fmul_32ns_32ns_32_4_max_dsp_1   |        0|   3|  143|   78|    0|
    |fmul_32ns_32ns_32_4_max_dsp_1_U68   |fmul_32ns_32ns_32_4_max_dsp_1   |        0|   3|  143|   78|    0|
    |fmul_32ns_32ns_32_4_max_dsp_1_U69   |fmul_32ns_32ns_32_4_max_dsp_1   |        0|   3|  143|   78|    0|
    |fmul_32ns_32ns_32_4_max_dsp_1_U70   |fmul_32ns_32ns_32_4_max_dsp_1   |        0|   3|  143|   78|    0|
    |fmul_32ns_32ns_32_4_max_dsp_1_U71   |fmul_32ns_32ns_32_4_max_dsp_1   |        0|   3|  143|   78|    0|
    |fmul_32ns_32ns_32_4_max_dsp_1_U72   |fmul_32ns_32ns_32_4_max_dsp_1   |        0|   3|  143|   78|    0|
    |fmul_32ns_32ns_32_4_max_dsp_1_U73   |fmul_32ns_32ns_32_4_max_dsp_1   |        0|   3|  143|   78|    0|
    |fmul_32ns_32ns_32_4_max_dsp_1_U74   |fmul_32ns_32ns_32_4_max_dsp_1   |        0|   3|  143|   78|    0|
    |fmul_32ns_32ns_32_4_max_dsp_1_U75   |fmul_32ns_32ns_32_4_max_dsp_1   |        0|   3|  143|   78|    0|
    |fmul_32ns_32ns_32_4_max_dsp_1_U76   |fmul_32ns_32ns_32_4_max_dsp_1   |        0|   3|  143|   78|    0|
    |fmul_32ns_32ns_32_4_max_dsp_1_U77   |fmul_32ns_32ns_32_4_max_dsp_1   |        0|   3|  143|   78|    0|
    |fmul_32ns_32ns_32_4_max_dsp_1_U78   |fmul_32ns_32ns_32_4_max_dsp_1   |        0|   3|  143|   78|    0|
    |fmul_32ns_32ns_32_4_max_dsp_1_U79   |fmul_32ns_32ns_32_4_max_dsp_1   |        0|   3|  143|   78|    0|
    |fmul_32ns_32ns_32_4_max_dsp_1_U80   |fmul_32ns_32ns_32_4_max_dsp_1   |        0|   3|  143|   78|    0|
    |fmul_32ns_32ns_32_4_max_dsp_1_U81   |fmul_32ns_32ns_32_4_max_dsp_1   |        0|   3|  143|   78|    0|
    |fmul_32ns_32ns_32_4_max_dsp_1_U82   |fmul_32ns_32ns_32_4_max_dsp_1   |        0|   3|  143|   78|    0|
    |fmul_32ns_32ns_32_4_max_dsp_1_U83   |fmul_32ns_32ns_32_4_max_dsp_1   |        0|   3|  143|   78|    0|
    |fmul_32ns_32ns_32_4_max_dsp_1_U84   |fmul_32ns_32ns_32_4_max_dsp_1   |        0|   3|  143|   78|    0|
    |fmul_32ns_32ns_32_4_max_dsp_1_U85   |fmul_32ns_32ns_32_4_max_dsp_1   |        0|   3|  143|   78|    0|
    |fmul_32ns_32ns_32_4_max_dsp_1_U86   |fmul_32ns_32ns_32_4_max_dsp_1   |        0|   3|  143|   78|    0|
    |fmul_32ns_32ns_32_4_max_dsp_1_U87   |fmul_32ns_32ns_32_4_max_dsp_1   |        0|   3|  143|   78|    0|
    |fmul_32ns_32ns_32_4_max_dsp_1_U88   |fmul_32ns_32ns_32_4_max_dsp_1   |        0|   3|  143|   78|    0|
    |fmul_32ns_32ns_32_4_max_dsp_1_U89   |fmul_32ns_32ns_32_4_max_dsp_1   |        0|   3|  143|   78|    0|
    |fmul_32ns_32ns_32_4_max_dsp_1_U90   |fmul_32ns_32ns_32_4_max_dsp_1   |        0|   3|  143|   78|    0|
    |fmul_32ns_32ns_32_4_max_dsp_1_U91   |fmul_32ns_32ns_32_4_max_dsp_1   |        0|   3|  143|   78|    0|
    |fmul_32ns_32ns_32_4_max_dsp_1_U92   |fmul_32ns_32ns_32_4_max_dsp_1   |        0|   3|  143|   78|    0|
    |fmul_32ns_32ns_32_4_max_dsp_1_U93   |fmul_32ns_32ns_32_4_max_dsp_1   |        0|   3|  143|   78|    0|
    |fmul_32ns_32ns_32_4_max_dsp_1_U94   |fmul_32ns_32ns_32_4_max_dsp_1   |        0|   3|  143|   78|    0|
    |fmul_32ns_32ns_32_4_max_dsp_1_U95   |fmul_32ns_32ns_32_4_max_dsp_1   |        0|   3|  143|   78|    0|
    |fmul_32ns_32ns_32_4_max_dsp_1_U96   |fmul_32ns_32ns_32_4_max_dsp_1   |        0|   3|  143|   78|    0|
    |fmul_32ns_32ns_32_4_max_dsp_1_U97   |fmul_32ns_32ns_32_4_max_dsp_1   |        0|   3|  143|   78|    0|
    |fmul_32ns_32ns_32_4_max_dsp_1_U98   |fmul_32ns_32ns_32_4_max_dsp_1   |        0|   3|  143|   78|    0|
    |fmul_32ns_32ns_32_4_max_dsp_1_U99   |fmul_32ns_32ns_32_4_max_dsp_1   |        0|   3|  143|   78|    0|
    |fmul_32ns_32ns_32_4_max_dsp_1_U100  |fmul_32ns_32ns_32_4_max_dsp_1   |        0|   3|  143|   78|    0|
    |fmul_32ns_32ns_32_4_max_dsp_1_U101  |fmul_32ns_32ns_32_4_max_dsp_1   |        0|   3|  143|   78|    0|
    |fmul_32ns_32ns_32_4_max_dsp_1_U102  |fmul_32ns_32ns_32_4_max_dsp_1   |        0|   3|  143|   78|    0|
    |fmul_32ns_32ns_32_4_max_dsp_1_U103  |fmul_32ns_32ns_32_4_max_dsp_1   |        0|   3|  143|   78|    0|
    |fmul_32ns_32ns_32_4_max_dsp_1_U104  |fmul_32ns_32ns_32_4_max_dsp_1   |        0|   3|  143|   78|    0|
    |fmul_32ns_32ns_32_4_max_dsp_1_U105  |fmul_32ns_32ns_32_4_max_dsp_1   |        0|   3|  143|   78|    0|
    |fmul_32ns_32ns_32_4_max_dsp_1_U106  |fmul_32ns_32ns_32_4_max_dsp_1   |        0|   3|  143|   78|    0|
    |fmul_32ns_32ns_32_4_max_dsp_1_U107  |fmul_32ns_32ns_32_4_max_dsp_1   |        0|   3|  143|   78|    0|
    |fmul_32ns_32ns_32_4_max_dsp_1_U108  |fmul_32ns_32ns_32_4_max_dsp_1   |        0|   3|  143|   78|    0|
    |fmul_32ns_32ns_32_4_max_dsp_1_U109  |fmul_32ns_32ns_32_4_max_dsp_1   |        0|   3|  143|   78|    0|
    |fmul_32ns_32ns_32_4_max_dsp_1_U110  |fmul_32ns_32ns_32_4_max_dsp_1   |        0|   3|  143|   78|    0|
    |fmul_32ns_32ns_32_4_max_dsp_1_U111  |fmul_32ns_32ns_32_4_max_dsp_1   |        0|   3|  143|   78|    0|
    |fmul_32ns_32ns_32_4_max_dsp_1_U112  |fmul_32ns_32ns_32_4_max_dsp_1   |        0|   3|  143|   78|    0|
    |fmul_32ns_32ns_32_4_max_dsp_1_U113  |fmul_32ns_32ns_32_4_max_dsp_1   |        0|   3|  143|   78|    0|
    |fmul_32ns_32ns_32_4_max_dsp_1_U114  |fmul_32ns_32ns_32_4_max_dsp_1   |        0|   3|  143|   78|    0|
    |fmul_32ns_32ns_32_4_max_dsp_1_U115  |fmul_32ns_32ns_32_4_max_dsp_1   |        0|   3|  143|   78|    0|
    |fmul_32ns_32ns_32_4_max_dsp_1_U116  |fmul_32ns_32ns_32_4_max_dsp_1   |        0|   3|  143|   78|    0|
    |fmul_32ns_32ns_32_4_max_dsp_1_U117  |fmul_32ns_32ns_32_4_max_dsp_1   |        0|   3|  143|   78|    0|
    |fmul_32ns_32ns_32_4_max_dsp_1_U118  |fmul_32ns_32ns_32_4_max_dsp_1   |        0|   3|  143|   78|    0|
    |fmul_32ns_32ns_32_4_max_dsp_1_U119  |fmul_32ns_32ns_32_4_max_dsp_1   |        0|   3|  143|   78|    0|
    |fmul_32ns_32ns_32_4_max_dsp_1_U120  |fmul_32ns_32ns_32_4_max_dsp_1   |        0|   3|  143|   78|    0|
    |fmul_32ns_32ns_32_4_max_dsp_1_U121  |fmul_32ns_32ns_32_4_max_dsp_1   |        0|   3|  143|   78|    0|
    |fmul_32ns_32ns_32_4_max_dsp_1_U122  |fmul_32ns_32ns_32_4_max_dsp_1   |        0|   3|  143|   78|    0|
    |fmul_32ns_32ns_32_4_max_dsp_1_U123  |fmul_32ns_32ns_32_4_max_dsp_1   |        0|   3|  143|   78|    0|
    |fmul_32ns_32ns_32_4_max_dsp_1_U124  |fmul_32ns_32ns_32_4_max_dsp_1   |        0|   3|  143|   78|    0|
    |fmul_32ns_32ns_32_4_max_dsp_1_U125  |fmul_32ns_32ns_32_4_max_dsp_1   |        0|   3|  143|   78|    0|
    |fmul_32ns_32ns_32_4_max_dsp_1_U126  |fmul_32ns_32ns_32_4_max_dsp_1   |        0|   3|  143|   78|    0|
    |fmul_32ns_32ns_32_4_max_dsp_1_U127  |fmul_32ns_32ns_32_4_max_dsp_1   |        0|   3|  143|   78|    0|
    |fmul_32ns_32ns_32_4_max_dsp_1_U128  |fmul_32ns_32ns_32_4_max_dsp_1   |        0|   3|  143|   78|    0|
    +------------------------------------+--------------------------------+---------+----+-----+-----+-----+
    |Total                               |                                |        0| 224|25904|24384|    0|
    +------------------------------------+--------------------------------+---------+----+-----+-----+-----+

    * DSP: 
    N/A

    * Memory: 
    +-----------+--------------------------+---------+---+----+-----+------+-----+------+-------------+
    |   Memory  |          Module          | BRAM_18K| FF| LUT| URAM| Words| Bits| Banks| W*Bits*Banks|
    +-----------+--------------------------+---------+---+----+-----+------+-----+------+-------------+
    |v125_U     |node7_v125_RAM_AUTO_1R1W  |        1|  0|   0|    0|   256|   32|     1|         8192|
    |v125_1_U   |node7_v125_RAM_AUTO_1R1W  |        1|  0|   0|    0|   256|   32|     1|         8192|
    |v125_2_U   |node7_v125_RAM_AUTO_1R1W  |        1|  0|   0|    0|   256|   32|     1|         8192|
    |v125_3_U   |node7_v125_RAM_AUTO_1R1W  |        1|  0|   0|    0|   256|   32|     1|         8192|
    |v125_4_U   |node7_v125_RAM_AUTO_1R1W  |        1|  0|   0|    0|   256|   32|     1|         8192|
    |v125_5_U   |node7_v125_RAM_AUTO_1R1W  |        1|  0|   0|    0|   256|   32|     1|         8192|
    |v125_6_U   |node7_v125_RAM_AUTO_1R1W  |        1|  0|   0|    0|   256|   32|     1|         8192|
    |v125_7_U   |node7_v125_RAM_AUTO_1R1W  |        1|  0|   0|    0|   256|   32|     1|         8192|
    |v125_8_U   |node7_v125_RAM_AUTO_1R1W  |        1|  0|   0|    0|   256|   32|     1|         8192|
    |v125_9_U   |node7_v125_RAM_AUTO_1R1W  |        1|  0|   0|    0|   256|   32|     1|         8192|
    |v125_10_U  |node7_v125_RAM_AUTO_1R1W  |        1|  0|   0|    0|   256|   32|     1|         8192|
    |v125_11_U  |node7_v125_RAM_AUTO_1R1W  |        1|  0|   0|    0|   256|   32|     1|         8192|
    |v125_12_U  |node7_v125_RAM_AUTO_1R1W  |        1|  0|   0|    0|   256|   32|     1|         8192|
    |v125_13_U  |node7_v125_RAM_AUTO_1R1W  |        1|  0|   0|    0|   256|   32|     1|         8192|
    |v125_14_U  |node7_v125_RAM_AUTO_1R1W  |        1|  0|   0|    0|   256|   32|     1|         8192|
    |v125_15_U  |node7_v125_RAM_AUTO_1R1W  |        1|  0|   0|    0|   256|   32|     1|         8192|
    +-----------+--------------------------+---------+---+----+-----+------+-----+------+-------------+
    |Total      |                          |       16|  0|   0|    0|  4096|  512|    16|       131072|
    +-----------+--------------------------+---------+---+----+-----+------+-----+------+-------------+

    * FIFO: 
    N/A

    * Expression: 
    +------------------------------------+----------+----+---+----+------------+------------+
    |            Variable Name           | Operation| DSP| FF| LUT| Bitwidth P0| Bitwidth P1|
    +------------------------------------+----------+----+---+----+------------+------------+
    |add_ln361_1_fu_1660_p2              |         +|   0|  0|  20|          13|           1|
    |add_ln361_fu_1675_p2                |         +|   0|  0|  12|           5|           1|
    |add_ln362_1_fu_1775_p2              |         +|   0|  0|  17|          10|           1|
    |add_ln362_fu_1731_p2                |         +|   0|  0|  12|           5|           1|
    |add_ln363_fu_1769_p2                |         +|   0|  0|  12|           5|           1|
    |add_ln370_fu_1858_p2                |         +|   0|  0|  15|           8|           8|
    |add_ln374_fu_1872_p2                |         +|   0|  0|  15|           8|           8|
    |empty_7_fu_1831_p2                  |         +|   0|  0|  15|           8|           8|
    |and_ln361_fu_1713_p2                |       and|   0|  0|   2|           1|           1|
    |ap_condition_2351                   |       and|   0|  0|   2|           1|           1|
    |ap_condition_3371                   |       and|   0|  0|   2|           1|           1|
    |cmp35_fu_1845_p2                    |      icmp|   0|  0|  12|           5|           1|
    |cmp64_3_fu_1850_p2                  |      icmp|   0|  0|  12|           4|           2|
    |icmp_ln361_fu_1654_p2               |      icmp|   0|  0|  21|          13|          14|
    |icmp_ln362_fu_1681_p2               |      icmp|   0|  0|  17|          10|           9|
    |icmp_ln363_fu_1707_p2               |      icmp|   0|  0|  13|           5|           6|
    |ap_block_pp0_stage0_01001           |        or|   0|  0|   2|           1|           1|
    |ap_block_state22_pp0_stage0_iter21  |        or|   0|  0|   2|           1|           1|
    |or_ln361_fu_1695_p2                 |        or|   0|  0|   2|           1|           1|
    |or_ln362_1_fu_1743_p2               |        or|   0|  0|   2|           1|           1|
    |or_ln362_fu_1737_p2                 |        or|   0|  0|   2|           1|           1|
    |grp_fu_1095_p0                      |    select|   0|  0|  32|           1|           1|
    |grp_fu_1099_p0                      |    select|   0|  0|  32|           1|           1|
    |grp_fu_1103_p0                      |    select|   0|  0|  32|           1|           1|
    |grp_fu_1107_p0                      |    select|   0|  0|  32|           1|           1|
    |grp_fu_1111_p0                      |    select|   0|  0|  32|           1|           1|
    |grp_fu_1115_p0                      |    select|   0|  0|  32|           1|           1|
    |grp_fu_1119_p0                      |    select|   0|  0|  32|           1|           1|
    |grp_fu_1123_p0                      |    select|   0|  0|  32|           1|           1|
    |grp_fu_1127_p0                      |    select|   0|  0|  32|           1|           1|
    |grp_fu_1131_p0                      |    select|   0|  0|  32|           1|           1|
    |grp_fu_1135_p0                      |    select|   0|  0|  32|           1|           1|
    |grp_fu_1139_p0                      |    select|   0|  0|  32|           1|           1|
    |grp_fu_1143_p0                      |    select|   0|  0|  32|           1|           1|
    |grp_fu_1147_p0                      |    select|   0|  0|  32|           1|           1|
    |grp_fu_1151_p0                      |    select|   0|  0|  32|           1|           1|
    |grp_fu_1155_p0                      |    select|   0|  0|  32|           1|           1|
    |select_ln361_1_fu_1719_p3           |    select|   0|  0|   5|           1|           5|
    |select_ln361_fu_1687_p3             |    select|   0|  0|   5|           1|           1|
    |select_ln362_1_fu_1757_p3           |    select|   0|  0|   5|           1|           5|
    |select_ln362_2_fu_1781_p3           |    select|   0|  0|  10|           1|           1|
    |select_ln362_fu_1749_p3             |    select|   0|  0|   5|           1|           1|
    |ap_enable_pp0                       |       xor|   0|  0|   2|           1|           2|
    |xor_ln361_fu_1701_p2                |       xor|   0|  0|   2|           1|           2|
    +------------------------------------+----------+----+---+----+------------+------------+
    |Total                               |          |   0|  0| 755|         130|         102|
    +------------------------------------+----------+----+---+----+------------+------------+

    * Multiplexer: 
    +----------------------------------------+----+-----------+-----+-----------+
    |                  Name                  | LUT| Input Size| Bits| Total Bits|
    +----------------------------------------+----+-----------+-----+-----------+
    |ap_done_int                             |   9|          2|    1|          2|
    |ap_enable_reg_pp0_iter1                 |   9|          2|    1|          2|
    |ap_sig_allocacmp_indvar_flatten60_load  |   9|          2|   13|         26|
    |ap_sig_allocacmp_indvar_flatten_load    |   9|          2|   10|         20|
    |ap_sig_allocacmp_v126_load              |   9|          2|    5|         10|
    |ap_sig_allocacmp_v127_load              |   9|          2|    5|         10|
    |ap_sig_allocacmp_v128_load              |   9|          2|    5|         10|
    |indvar_flatten60_fu_172                 |   9|          2|   13|         26|
    |indvar_flatten_fu_164                   |   9|          2|   10|         20|
    |v126_fu_168                             |   9|          2|    5|         10|
    |v127_fu_160                             |   9|          2|    5|         10|
    |v128_fu_156                             |   9|          2|    5|         10|
    |v153_0_0_blk_n                          |   9|          2|    1|          2|
    |v153_0_1_blk_n                          |   9|          2|    1|          2|
    |v153_0_2_blk_n                          |   9|          2|    1|          2|
    |v153_0_3_blk_n                          |   9|          2|    1|          2|
    |v153_1_0_blk_n                          |   9|          2|    1|          2|
    |v153_1_1_blk_n                          |   9|          2|    1|          2|
    |v153_1_2_blk_n                          |   9|          2|    1|          2|
    |v153_1_3_blk_n                          |   9|          2|    1|          2|
    |v153_2_0_blk_n                          |   9|          2|    1|          2|
    |v153_2_1_blk_n                          |   9|          2|    1|          2|
    |v153_2_2_blk_n                          |   9|          2|    1|          2|
    |v153_2_3_blk_n                          |   9|          2|    1|          2|
    |v153_3_0_blk_n                          |   9|          2|    1|          2|
    |v153_3_1_blk_n                          |   9|          2|    1|          2|
    |v153_3_2_blk_n                          |   9|          2|    1|          2|
    |v153_3_3_blk_n                          |   9|          2|    1|          2|
    +----------------------------------------+----+-----------+-----+-----------+
    |Total                                   | 252|         56|   94|        188|
    +----------------------------------------+----+-----------+-----+-----------+

    * Register: 
    +--------------------------------------------------+----+----+-----+-----------+
    |                       Name                       | FF | LUT| Bits| Const Bits|
    +--------------------------------------------------+----+----+-----+-----------+
    |add_ln374_reg_2730                                |   8|   0|    8|          0|
    |ap_CS_fsm                                         |   1|   0|    1|          0|
    |ap_condition_exit_pp0_iter0_stage0_pp0_iter1_reg  |   1|   0|    1|          0|
    |ap_condition_exit_pp0_iter0_stage0_pp0_iter2_reg  |   1|   0|    1|          0|
    |ap_condition_exit_pp0_iter0_stage0_pp0_iter3_reg  |   1|   0|    1|          0|
    |ap_condition_exit_pp0_iter0_stage0_pp0_iter4_reg  |   1|   0|    1|          0|
    |ap_condition_exit_pp0_iter0_stage0_pp0_iter5_reg  |   1|   0|    1|          0|
    |ap_done_reg                                       |   1|   0|    1|          0|
    |ap_enable_reg_pp0_iter1                           |   1|   0|    1|          0|
    |ap_enable_reg_pp0_iter10                          |   1|   0|    1|          0|
    |ap_enable_reg_pp0_iter11                          |   1|   0|    1|          0|
    |ap_enable_reg_pp0_iter12                          |   1|   0|    1|          0|
    |ap_enable_reg_pp0_iter13                          |   1|   0|    1|          0|
    |ap_enable_reg_pp0_iter14                          |   1|   0|    1|          0|
    |ap_enable_reg_pp0_iter15                          |   1|   0|    1|          0|
    |ap_enable_reg_pp0_iter16                          |   1|   0|    1|          0|
    |ap_enable_reg_pp0_iter17                          |   1|   0|    1|          0|
    |ap_enable_reg_pp0_iter18                          |   1|   0|    1|          0|
    |ap_enable_reg_pp0_iter19                          |   1|   0|    1|          0|
    |ap_enable_reg_pp0_iter2                           |   1|   0|    1|          0|
    |ap_enable_reg_pp0_iter20                          |   1|   0|    1|          0|
    |ap_enable_reg_pp0_iter21                          |   1|   0|    1|          0|
    |ap_enable_reg_pp0_iter3                           |   1|   0|    1|          0|
    |ap_enable_reg_pp0_iter4                           |   1|   0|    1|          0|
    |ap_enable_reg_pp0_iter5                           |   1|   0|    1|          0|
    |ap_enable_reg_pp0_iter6                           |   1|   0|    1|          0|
    |ap_enable_reg_pp0_iter7                           |   1|   0|    1|          0|
    |ap_enable_reg_pp0_iter8                           |   1|   0|    1|          0|
    |ap_enable_reg_pp0_iter9                           |   1|   0|    1|          0|
    |ap_loop_exit_ready_pp0_iter10_reg                 |   1|   0|    1|          0|
    |ap_loop_exit_ready_pp0_iter11_reg                 |   1|   0|    1|          0|
    |ap_loop_exit_ready_pp0_iter12_reg                 |   1|   0|    1|          0|
    |ap_loop_exit_ready_pp0_iter13_reg                 |   1|   0|    1|          0|
    |ap_loop_exit_ready_pp0_iter14_reg                 |   1|   0|    1|          0|
    |ap_loop_exit_ready_pp0_iter15_reg                 |   1|   0|    1|          0|
    |ap_loop_exit_ready_pp0_iter16_reg                 |   1|   0|    1|          0|
    |ap_loop_exit_ready_pp0_iter17_reg                 |   1|   0|    1|          0|
    |ap_loop_exit_ready_pp0_iter18_reg                 |   1|   0|    1|          0|
    |ap_loop_exit_ready_pp0_iter19_reg                 |   1|   0|    1|          0|
    |ap_loop_exit_ready_pp0_iter1_reg                  |   1|   0|    1|          0|
    |ap_loop_exit_ready_pp0_iter20_reg                 |   1|   0|    1|          0|
    |ap_loop_exit_ready_pp0_iter2_reg                  |   1|   0|    1|          0|
    |ap_loop_exit_ready_pp0_iter3_reg                  |   1|   0|    1|          0|
    |ap_loop_exit_ready_pp0_iter4_reg                  |   1|   0|    1|          0|
    |ap_loop_exit_ready_pp0_iter5_reg                  |   1|   0|    1|          0|
    |ap_loop_exit_ready_pp0_iter6_reg                  |   1|   0|    1|          0|
    |ap_loop_exit_ready_pp0_iter7_reg                  |   1|   0|    1|          0|
    |ap_loop_exit_ready_pp0_iter8_reg                  |   1|   0|    1|          0|
    |ap_loop_exit_ready_pp0_iter9_reg                  |   1|   0|    1|          0|
    |cmp35_reg_2670                                    |   1|   0|    1|          0|
    |cmp64_3_reg_2690                                  |   1|   0|    1|          0|
    |empty_reg_2628                                    |   4|   0|    4|          0|
    |icmp_ln361_reg_2604                               |   1|   0|    1|          0|
    |indvar_flatten60_fu_172                           |  13|   0|   13|          0|
    |indvar_flatten_fu_164                             |  10|   0|   10|          0|
    |or_ln362_reg_2613                                 |   1|   0|    1|          0|
    |p_cast_reg_2634                                   |   8|   0|   64|         56|
    |select_ln362_1_reg_2622                           |   5|   0|    5|          0|
    |select_ln362_reg_2617                             |   5|   0|    5|          0|
    |tmp10_reg_3642                                    |  32|   0|   32|          0|
    |tmp11_reg_3802                                    |  32|   0|   32|          0|
    |tmp12_reg_3807                                    |  32|   0|   32|          0|
    |tmp13_reg_3667                                    |  32|   0|   32|          0|
    |tmp14_reg_3812                                    |  32|   0|   32|          0|
    |tmp15_reg_3817                                    |  32|   0|   32|          0|
    |tmp16_reg_3672                                    |  32|   0|   32|          0|
    |tmp17_reg_3822                                    |  32|   0|   32|          0|
    |tmp18_reg_3827                                    |  32|   0|   32|          0|
    |tmp19_reg_3677                                    |  32|   0|   32|          0|
    |tmp1_reg_3777                                     |  32|   0|   32|          0|
    |tmp20_reg_3832                                    |  32|   0|   32|          0|
    |tmp21_reg_3837                                    |  32|   0|   32|          0|
    |tmp22_reg_3682                                    |  32|   0|   32|          0|
    |tmp23_reg_3842                                    |  32|   0|   32|          0|
    |tmp24_reg_3847                                    |  32|   0|   32|          0|
    |tmp25_reg_3707                                    |  32|   0|   32|          0|
    |tmp26_reg_3852                                    |  32|   0|   32|          0|
    |tmp27_reg_3857                                    |  32|   0|   32|          0|
    |tmp28_reg_3887                                    |  32|   0|   32|          0|
    |tmp29_reg_3892                                    |  32|   0|   32|          0|
    |tmp2_reg_3632                                     |  32|   0|   32|          0|
    |tmp30_reg_3747                                    |  32|   0|   32|          0|
    |tmp31_reg_3897                                    |  32|   0|   32|          0|
    |tmp32_reg_3902                                    |  32|   0|   32|          0|
    |tmp33_reg_3752                                    |  32|   0|   32|          0|
    |tmp34_reg_3907                                    |  32|   0|   32|          0|
    |tmp35_reg_3912                                    |  32|   0|   32|          0|
    |tmp36_reg_3757                                    |  32|   0|   32|          0|
    |tmp37_reg_3917                                    |  32|   0|   32|          0|
    |tmp38_reg_3922                                    |  32|   0|   32|          0|
    |tmp39_reg_3762                                    |  32|   0|   32|          0|
    |tmp3_reg_3782                                     |  32|   0|   32|          0|
    |tmp40_reg_3712                                    |  32|   0|   32|          0|
    |tmp41_reg_3862                                    |  32|   0|   32|          0|
    |tmp42_reg_3867                                    |  32|   0|   32|          0|
    |tmp43_reg_3717                                    |  32|   0|   32|          0|
    |tmp44_reg_3872                                    |  32|   0|   32|          0|
    |tmp45_reg_3877                                    |  32|   0|   32|          0|
    |tmp46_reg_3722                                    |  32|   0|   32|          0|
    |tmp47_reg_3882                                    |  32|   0|   32|          0|
    |tmp4_reg_3787                                     |  32|   0|   32|          0|
    |tmp5_reg_3637                                     |  32|   0|   32|          0|
    |tmp6_reg_3792                                     |  32|   0|   32|          0|
    |tmp7_reg_3797                                     |  32|   0|   32|          0|
    |tmp8_reg_3767                                     |  32|   0|   32|          0|
    |tmp9_reg_3772                                     |  32|   0|   32|          0|
    |tmp_reg_3627                                      |  32|   0|   32|          0|
    |trunc_ln362_reg_2608                              |   4|   0|    4|          0|
    |v125_10_addr_reg_3103                             |   8|   0|    8|          0|
    |v125_11_addr_reg_3109                             |   8|   0|    8|          0|
    |v125_12_addr_reg_3115                             |   8|   0|    8|          0|
    |v125_13_addr_reg_3121                             |   8|   0|    8|          0|
    |v125_14_addr_reg_3127                             |   8|   0|    8|          0|
    |v125_15_addr_reg_3133                             |   8|   0|    8|          0|
    |v125_1_addr_reg_3049                              |   8|   0|    8|          0|
    |v125_2_addr_reg_3055                              |   8|   0|    8|          0|
    |v125_3_addr_reg_3061                              |   8|   0|    8|          0|
    |v125_4_addr_reg_3067                              |   8|   0|    8|          0|
    |v125_5_addr_reg_3073                              |   8|   0|    8|          0|
    |v125_6_addr_reg_3079                              |   8|   0|    8|          0|
    |v125_7_addr_reg_3085                              |   8|   0|    8|          0|
    |v125_8_addr_reg_3091                              |   8|   0|    8|          0|
    |v125_9_addr_reg_3097                              |   8|   0|    8|          0|
    |v125_addr_reg_3043                                |   8|   0|    8|          0|
    |v126_fu_168                                       |   5|   0|    5|          0|
    |v127_fu_160                                       |   5|   0|    5|          0|
    |v128_fu_156                                       |   5|   0|    5|          0|
    |v135_10_reg_3477                                  |  32|   0|   32|          0|
    |v135_11_reg_3482                                  |  32|   0|   32|          0|
    |v135_12_reg_3203                                  |  32|   0|   32|          0|
    |v135_13_reg_3213                                  |  32|   0|   32|          0|
    |v135_14_reg_3218                                  |  32|   0|   32|          0|
    |v135_15_reg_3208                                  |  32|   0|   32|          0|
    |v135_16_reg_3233                                  |  32|   0|   32|          0|
    |v135_17_reg_3238                                  |  32|   0|   32|          0|
    |v135_18_reg_3647                                  |  32|   0|   32|          0|
    |v135_19_reg_3253                                  |  32|   0|   32|          0|
    |v135_1_reg_3612                                   |  32|   0|   32|          0|
    |v135_20_reg_3258                                  |  32|   0|   32|          0|
    |v135_21_reg_3273                                  |  32|   0|   32|          0|
    |v135_22_reg_3278                                  |  32|   0|   32|          0|
    |v135_23_reg_3652                                  |  32|   0|   32|          0|
    |v135_24_reg_3657                                  |  32|   0|   32|          0|
    |v135_25_reg_3662                                  |  32|   0|   32|          0|
    |v135_26_reg_3487                                  |  32|   0|   32|          0|
    |v135_27_reg_3492                                  |  32|   0|   32|          0|
    |v135_28_reg_3497                                  |  32|   0|   32|          0|
    |v135_29_reg_3502                                  |  32|   0|   32|          0|
    |v135_2_reg_3617                                   |  32|   0|   32|          0|
    |v135_30_reg_3507                                  |  32|   0|   32|          0|
    |v135_31_reg_3512                                  |  32|   0|   32|          0|
    |v135_32_reg_3517                                  |  32|   0|   32|          0|
    |v135_33_reg_3522                                  |  32|   0|   32|          0|
    |v135_34_reg_3223                                  |  32|   0|   32|          0|
    |v135_35_reg_3228                                  |  32|   0|   32|          0|
    |v135_36_reg_3687                                  |  32|   0|   32|          0|
    |v135_37_reg_3692                                  |  32|   0|   32|          0|
    |v135_38_reg_3697                                  |  32|   0|   32|          0|
    |v135_39_reg_3702                                  |  32|   0|   32|          0|
    |v135_3_reg_3622                                   |  32|   0|   32|          0|
    |v135_40_reg_3527                                  |  32|   0|   32|          0|
    |v135_41_reg_3532                                  |  32|   0|   32|          0|
    |v135_42_reg_3537                                  |  32|   0|   32|          0|
    |v135_43_reg_3542                                  |  32|   0|   32|          0|
    |v135_44_reg_3547                                  |  32|   0|   32|          0|
    |v135_45_reg_3552                                  |  32|   0|   32|          0|
    |v135_46_reg_3557                                  |  32|   0|   32|          0|
    |v135_47_reg_3562                                  |  32|   0|   32|          0|
    |v135_48_reg_3243                                  |  32|   0|   32|          0|
    |v135_49_reg_3248                                  |  32|   0|   32|          0|
    |v135_4_reg_3447                                   |  32|   0|   32|          0|
    |v135_50_reg_3727                                  |  32|   0|   32|          0|
    |v135_51_reg_3732                                  |  32|   0|   32|          0|
    |v135_52_reg_3737                                  |  32|   0|   32|          0|
    |v135_53_reg_3742                                  |  32|   0|   32|          0|
    |v135_54_reg_3567                                  |  32|   0|   32|          0|
    |v135_55_reg_3572                                  |  32|   0|   32|          0|
    |v135_56_reg_3577                                  |  32|   0|   32|          0|
    |v135_57_reg_3582                                  |  32|   0|   32|          0|
    |v135_58_reg_3587                                  |  32|   0|   32|          0|
    |v135_59_reg_3592                                  |  32|   0|   32|          0|
    |v135_5_reg_3452                                   |  32|   0|   32|          0|
    |v135_60_reg_3597                                  |  32|   0|   32|          0|
    |v135_61_reg_3602                                  |  32|   0|   32|          0|
    |v135_62_reg_3263                                  |  32|   0|   32|          0|
    |v135_63_reg_3268                                  |  32|   0|   32|          0|
    |v135_6_reg_3457                                   |  32|   0|   32|          0|
    |v135_7_reg_3462                                   |  32|   0|   32|          0|
    |v135_8_reg_3467                                   |  32|   0|   32|          0|
    |v135_9_reg_3472                                   |  32|   0|   32|          0|
    |v135_reg_3607                                     |  32|   0|   32|          0|
    |v138_0_0_addr_reg_2819                            |   8|   0|    8|          0|
    |v138_0_0_load31_fu_236                            |  32|   0|   32|          0|
    |v138_0_1_load29_fu_232                            |  32|   0|   32|          0|
    |v138_0_2_load27_fu_228                            |  32|   0|   32|          0|
    |v138_0_3_load25_fu_224                            |  32|   0|   32|          0|
    |v138_1_0_addr_reg_2834                            |   8|   0|    8|          0|
    |v138_1_0_load23_fu_220                            |  32|   0|   32|          0|
    |v138_1_1_load21_fu_216                            |  32|   0|   32|          0|
    |v138_1_2_load19_fu_212                            |  32|   0|   32|          0|
    |v138_1_3_load17_fu_208                            |  32|   0|   32|          0|
    |v138_2_0_addr_reg_2849                            |   8|   0|    8|          0|
    |v138_2_0_load15_fu_204                            |  32|   0|   32|          0|
    |v138_2_1_load13_fu_200                            |  32|   0|   32|          0|
    |v138_2_2_load11_fu_196                            |  32|   0|   32|          0|
    |v138_2_3_load9_fu_192                             |  32|   0|   32|          0|
    |v138_3_0_addr_reg_2864                            |   8|   0|    8|          0|
    |v138_3_0_load7_fu_188                             |  32|   0|   32|          0|
    |v138_3_1_load5_fu_184                             |  32|   0|   32|          0|
    |v138_3_2_load3_fu_180                             |  32|   0|   32|          0|
    |v138_3_3_load1_fu_176                             |  32|   0|   32|          0|
    |v139_0_0_load_reg_3283                            |  32|   0|   32|          0|
    |v139_0_1_load_reg_3288                            |  32|   0|   32|          0|
    |v139_0_2_load_reg_3293                            |  32|   0|   32|          0|
    |v139_0_3_load_reg_3298                            |  32|   0|   32|          0|
    |v139_1_0_load_reg_2919                            |  32|   0|   32|          0|
    |v139_1_1_load_reg_2924                            |  32|   0|   32|          0|
    |v139_1_2_load_reg_2929                            |  32|   0|   32|          0|
    |v139_1_3_load_reg_2934                            |  32|   0|   32|          0|
    |v139_2_0_load_reg_2939                            |  32|   0|   32|          0|
    |v139_2_1_load_reg_2944                            |  32|   0|   32|          0|
    |v139_2_2_load_reg_2949                            |  32|   0|   32|          0|
    |v139_2_3_load_reg_2954                            |  32|   0|   32|          0|
    |v139_3_0_load_reg_2735                            |  32|   0|   32|          0|
    |v139_3_1_load_reg_2740                            |  32|   0|   32|          0|
    |v139_3_2_load_reg_2745                            |  32|   0|   32|          0|
    |v139_3_3_load_reg_2750                            |  32|   0|   32|          0|
    |zext_ln370_2_reg_2694                             |   8|   0|   64|         56|
    |add_ln374_reg_2730                                |  64|  32|    8|          0|
    |cmp35_reg_2670                                    |  64|  32|    1|          0|
    |cmp64_3_reg_2690                                  |  64|  32|    1|          0|
    |or_ln362_reg_2613                                 |  64|  32|    1|          0|
    |p_cast_reg_2634                                   |  64|  32|   64|         56|
    |v125_10_addr_reg_3103                             |  64|  32|    8|          0|
    |v125_11_addr_reg_3109                             |  64|  32|    8|          0|
    |v125_12_addr_reg_3115                             |  64|  32|    8|          0|
    |v125_13_addr_reg_3121                             |  64|  32|    8|          0|
    |v125_14_addr_reg_3127                             |  64|  32|    8|          0|
    |v125_15_addr_reg_3133                             |  64|  32|    8|          0|
    |v125_1_addr_reg_3049                              |  64|  32|    8|          0|
    |v125_2_addr_reg_3055                              |  64|  32|    8|          0|
    |v125_3_addr_reg_3061                              |  64|  32|    8|          0|
    |v125_4_addr_reg_3067                              |  64|  32|    8|          0|
    |v125_5_addr_reg_3073                              |  64|  32|    8|          0|
    |v125_6_addr_reg_3079                              |  64|  32|    8|          0|
    |v125_7_addr_reg_3085                              |  64|  32|    8|          0|
    |v125_8_addr_reg_3091                              |  64|  32|    8|          0|
    |v125_9_addr_reg_3097                              |  64|  32|    8|          0|
    |v125_addr_reg_3043                                |  64|  32|    8|          0|
    |v138_0_0_addr_reg_2819                            |  64|  32|    8|          0|
    |v138_1_0_addr_reg_2834                            |  64|  32|    8|          0|
    |v138_2_0_addr_reg_2849                            |  64|  32|    8|          0|
    |v138_3_0_addr_reg_2864                            |  64|  32|    8|          0|
    |zext_ln370_2_reg_2694                             |  64|  32|   64|         56|
    +--------------------------------------------------+----+----+-----+-----------+
    |Total                                             |6564| 832| 5311|        224|
    +--------------------------------------------------+----+----+-----+-----------+



================================================================
== Interface
================================================================
* Summary: 
+-------------------------+-----+-----+------------+--------------+--------------+
|        RTL Ports        | Dir | Bits|  Protocol  | Source Object|    C Type    |
+-------------------------+-----+-----+------------+--------------+--------------+
|ap_clk                   |   in|    1|  ap_ctrl_hs|         node7|  return value|
|ap_rst                   |   in|    1|  ap_ctrl_hs|         node7|  return value|
|ap_start                 |   in|    1|  ap_ctrl_hs|         node7|  return value|
|ap_done                  |  out|    1|  ap_ctrl_hs|         node7|  return value|
|ap_continue              |   in|    1|  ap_ctrl_hs|         node7|  return value|
|ap_idle                  |  out|    1|  ap_ctrl_hs|         node7|  return value|
|ap_ready                 |  out|    1|  ap_ctrl_hs|         node7|  return value|
|v153_0_0_din             |  out|   32|     ap_fifo|      v153_0_0|       pointer|
|v153_0_0_num_data_valid  |   in|    9|     ap_fifo|      v153_0_0|       pointer|
|v153_0_0_fifo_cap        |   in|    9|     ap_fifo|      v153_0_0|       pointer|
|v153_0_0_full_n          |   in|    1|     ap_fifo|      v153_0_0|       pointer|
|v153_0_0_write           |  out|    1|     ap_fifo|      v153_0_0|       pointer|
|v153_0_1_din             |  out|   32|     ap_fifo|      v153_0_1|       pointer|
|v153_0_1_num_data_valid  |   in|    9|     ap_fifo|      v153_0_1|       pointer|
|v153_0_1_fifo_cap        |   in|    9|     ap_fifo|      v153_0_1|       pointer|
|v153_0_1_full_n          |   in|    1|     ap_fifo|      v153_0_1|       pointer|
|v153_0_1_write           |  out|    1|     ap_fifo|      v153_0_1|       pointer|
|v153_0_2_din             |  out|   32|     ap_fifo|      v153_0_2|       pointer|
|v153_0_2_num_data_valid  |   in|    9|     ap_fifo|      v153_0_2|       pointer|
|v153_0_2_fifo_cap        |   in|    9|     ap_fifo|      v153_0_2|       pointer|
|v153_0_2_full_n          |   in|    1|     ap_fifo|      v153_0_2|       pointer|
|v153_0_2_write           |  out|    1|     ap_fifo|      v153_0_2|       pointer|
|v153_0_3_din             |  out|   32|     ap_fifo|      v153_0_3|       pointer|
|v153_0_3_num_data_valid  |   in|    9|     ap_fifo|      v153_0_3|       pointer|
|v153_0_3_fifo_cap        |   in|    9|     ap_fifo|      v153_0_3|       pointer|
|v153_0_3_full_n          |   in|    1|     ap_fifo|      v153_0_3|       pointer|
|v153_0_3_write           |  out|    1|     ap_fifo|      v153_0_3|       pointer|
|v153_1_0_din             |  out|   32|     ap_fifo|      v153_1_0|       pointer|
|v153_1_0_num_data_valid  |   in|    9|     ap_fifo|      v153_1_0|       pointer|
|v153_1_0_fifo_cap        |   in|    9|     ap_fifo|      v153_1_0|       pointer|
|v153_1_0_full_n          |   in|    1|     ap_fifo|      v153_1_0|       pointer|
|v153_1_0_write           |  out|    1|     ap_fifo|      v153_1_0|       pointer|
|v153_1_1_din             |  out|   32|     ap_fifo|      v153_1_1|       pointer|
|v153_1_1_num_data_valid  |   in|    9|     ap_fifo|      v153_1_1|       pointer|
|v153_1_1_fifo_cap        |   in|    9|     ap_fifo|      v153_1_1|       pointer|
|v153_1_1_full_n          |   in|    1|     ap_fifo|      v153_1_1|       pointer|
|v153_1_1_write           |  out|    1|     ap_fifo|      v153_1_1|       pointer|
|v153_1_2_din             |  out|   32|     ap_fifo|      v153_1_2|       pointer|
|v153_1_2_num_data_valid  |   in|    9|     ap_fifo|      v153_1_2|       pointer|
|v153_1_2_fifo_cap        |   in|    9|     ap_fifo|      v153_1_2|       pointer|
|v153_1_2_full_n          |   in|    1|     ap_fifo|      v153_1_2|       pointer|
|v153_1_2_write           |  out|    1|     ap_fifo|      v153_1_2|       pointer|
|v153_1_3_din             |  out|   32|     ap_fifo|      v153_1_3|       pointer|
|v153_1_3_num_data_valid  |   in|    9|     ap_fifo|      v153_1_3|       pointer|
|v153_1_3_fifo_cap        |   in|    9|     ap_fifo|      v153_1_3|       pointer|
|v153_1_3_full_n          |   in|    1|     ap_fifo|      v153_1_3|       pointer|
|v153_1_3_write           |  out|    1|     ap_fifo|      v153_1_3|       pointer|
|v153_2_0_din             |  out|   32|     ap_fifo|      v153_2_0|       pointer|
|v153_2_0_num_data_valid  |   in|    9|     ap_fifo|      v153_2_0|       pointer|
|v153_2_0_fifo_cap        |   in|    9|     ap_fifo|      v153_2_0|       pointer|
|v153_2_0_full_n          |   in|    1|     ap_fifo|      v153_2_0|       pointer|
|v153_2_0_write           |  out|    1|     ap_fifo|      v153_2_0|       pointer|
|v153_2_1_din             |  out|   32|     ap_fifo|      v153_2_1|       pointer|
|v153_2_1_num_data_valid  |   in|    9|     ap_fifo|      v153_2_1|       pointer|
|v153_2_1_fifo_cap        |   in|    9|     ap_fifo|      v153_2_1|       pointer|
|v153_2_1_full_n          |   in|    1|     ap_fifo|      v153_2_1|       pointer|
|v153_2_1_write           |  out|    1|     ap_fifo|      v153_2_1|       pointer|
|v153_2_2_din             |  out|   32|     ap_fifo|      v153_2_2|       pointer|
|v153_2_2_num_data_valid  |   in|    9|     ap_fifo|      v153_2_2|       pointer|
|v153_2_2_fifo_cap        |   in|    9|     ap_fifo|      v153_2_2|       pointer|
|v153_2_2_full_n          |   in|    1|     ap_fifo|      v153_2_2|       pointer|
|v153_2_2_write           |  out|    1|     ap_fifo|      v153_2_2|       pointer|
|v153_2_3_din             |  out|   32|     ap_fifo|      v153_2_3|       pointer|
|v153_2_3_num_data_valid  |   in|    9|     ap_fifo|      v153_2_3|       pointer|
|v153_2_3_fifo_cap        |   in|    9|     ap_fifo|      v153_2_3|       pointer|
|v153_2_3_full_n          |   in|    1|     ap_fifo|      v153_2_3|       pointer|
|v153_2_3_write           |  out|    1|     ap_fifo|      v153_2_3|       pointer|
|v153_3_0_din             |  out|   32|     ap_fifo|      v153_3_0|       pointer|
|v153_3_0_num_data_valid  |   in|    9|     ap_fifo|      v153_3_0|       pointer|
|v153_3_0_fifo_cap        |   in|    9|     ap_fifo|      v153_3_0|       pointer|
|v153_3_0_full_n          |   in|    1|     ap_fifo|      v153_3_0|       pointer|
|v153_3_0_write           |  out|    1|     ap_fifo|      v153_3_0|       pointer|
|v153_3_1_din             |  out|   32|     ap_fifo|      v153_3_1|       pointer|
|v153_3_1_num_data_valid  |   in|    9|     ap_fifo|      v153_3_1|       pointer|
|v153_3_1_fifo_cap        |   in|    9|     ap_fifo|      v153_3_1|       pointer|
|v153_3_1_full_n          |   in|    1|     ap_fifo|      v153_3_1|       pointer|
|v153_3_1_write           |  out|    1|     ap_fifo|      v153_3_1|       pointer|
|v153_3_2_din             |  out|   32|     ap_fifo|      v153_3_2|       pointer|
|v153_3_2_num_data_valid  |   in|    9|     ap_fifo|      v153_3_2|       pointer|
|v153_3_2_fifo_cap        |   in|    9|     ap_fifo|      v153_3_2|       pointer|
|v153_3_2_full_n          |   in|    1|     ap_fifo|      v153_3_2|       pointer|
|v153_3_2_write           |  out|    1|     ap_fifo|      v153_3_2|       pointer|
|v153_3_3_din             |  out|   32|     ap_fifo|      v153_3_3|       pointer|
|v153_3_3_num_data_valid  |   in|    9|     ap_fifo|      v153_3_3|       pointer|
|v153_3_3_fifo_cap        |   in|    9|     ap_fifo|      v153_3_3|       pointer|
|v153_3_3_full_n          |   in|    1|     ap_fifo|      v153_3_3|       pointer|
|v153_3_3_write           |  out|    1|     ap_fifo|      v153_3_3|       pointer|
|v139_0_0_address0        |  out|    8|   ap_memory|      v139_0_0|         array|
|v139_0_0_ce0             |  out|    1|   ap_memory|      v139_0_0|         array|
|v139_0_0_q0              |   in|   32|   ap_memory|      v139_0_0|         array|
|v139_0_1_address0        |  out|    8|   ap_memory|      v139_0_1|         array|
|v139_0_1_ce0             |  out|    1|   ap_memory|      v139_0_1|         array|
|v139_0_1_q0              |   in|   32|   ap_memory|      v139_0_1|         array|
|v139_0_2_address0        |  out|    8|   ap_memory|      v139_0_2|         array|
|v139_0_2_ce0             |  out|    1|   ap_memory|      v139_0_2|         array|
|v139_0_2_q0              |   in|   32|   ap_memory|      v139_0_2|         array|
|v139_0_3_address0        |  out|    8|   ap_memory|      v139_0_3|         array|
|v139_0_3_ce0             |  out|    1|   ap_memory|      v139_0_3|         array|
|v139_0_3_q0              |   in|   32|   ap_memory|      v139_0_3|         array|
|v139_1_0_address0        |  out|    8|   ap_memory|      v139_1_0|         array|
|v139_1_0_ce0             |  out|    1|   ap_memory|      v139_1_0|         array|
|v139_1_0_q0              |   in|   32|   ap_memory|      v139_1_0|         array|
|v139_1_1_address0        |  out|    8|   ap_memory|      v139_1_1|         array|
|v139_1_1_ce0             |  out|    1|   ap_memory|      v139_1_1|         array|
|v139_1_1_q0              |   in|   32|   ap_memory|      v139_1_1|         array|
|v139_1_2_address0        |  out|    8|   ap_memory|      v139_1_2|         array|
|v139_1_2_ce0             |  out|    1|   ap_memory|      v139_1_2|         array|
|v139_1_2_q0              |   in|   32|   ap_memory|      v139_1_2|         array|
|v139_1_3_address0        |  out|    8|   ap_memory|      v139_1_3|         array|
|v139_1_3_ce0             |  out|    1|   ap_memory|      v139_1_3|         array|
|v139_1_3_q0              |   in|   32|   ap_memory|      v139_1_3|         array|
|v139_2_0_address0        |  out|    8|   ap_memory|      v139_2_0|         array|
|v139_2_0_ce0             |  out|    1|   ap_memory|      v139_2_0|         array|
|v139_2_0_q0              |   in|   32|   ap_memory|      v139_2_0|         array|
|v139_2_1_address0        |  out|    8|   ap_memory|      v139_2_1|         array|
|v139_2_1_ce0             |  out|    1|   ap_memory|      v139_2_1|         array|
|v139_2_1_q0              |   in|   32|   ap_memory|      v139_2_1|         array|
|v139_2_2_address0        |  out|    8|   ap_memory|      v139_2_2|         array|
|v139_2_2_ce0             |  out|    1|   ap_memory|      v139_2_2|         array|
|v139_2_2_q0              |   in|   32|   ap_memory|      v139_2_2|         array|
|v139_2_3_address0        |  out|    8|   ap_memory|      v139_2_3|         array|
|v139_2_3_ce0             |  out|    1|   ap_memory|      v139_2_3|         array|
|v139_2_3_q0              |   in|   32|   ap_memory|      v139_2_3|         array|
|v139_3_0_address0        |  out|    8|   ap_memory|      v139_3_0|         array|
|v139_3_0_ce0             |  out|    1|   ap_memory|      v139_3_0|         array|
|v139_3_0_q0              |   in|   32|   ap_memory|      v139_3_0|         array|
|v139_3_1_address0        |  out|    8|   ap_memory|      v139_3_1|         array|
|v139_3_1_ce0             |  out|    1|   ap_memory|      v139_3_1|         array|
|v139_3_1_q0              |   in|   32|   ap_memory|      v139_3_1|         array|
|v139_3_2_address0        |  out|    8|   ap_memory|      v139_3_2|         array|
|v139_3_2_ce0             |  out|    1|   ap_memory|      v139_3_2|         array|
|v139_3_2_q0              |   in|   32|   ap_memory|      v139_3_2|         array|
|v139_3_3_address0        |  out|    8|   ap_memory|      v139_3_3|         array|
|v139_3_3_ce0             |  out|    1|   ap_memory|      v139_3_3|         array|
|v139_3_3_q0              |   in|   32|   ap_memory|      v139_3_3|         array|
|v138_0_0_address0        |  out|    8|   ap_memory|      v138_0_0|         array|
|v138_0_0_ce0             |  out|    1|   ap_memory|      v138_0_0|         array|
|v138_0_0_q0              |   in|   32|   ap_memory|      v138_0_0|         array|
|v138_0_1_address0        |  out|    8|   ap_memory|      v138_0_1|         array|
|v138_0_1_ce0             |  out|    1|   ap_memory|      v138_0_1|         array|
|v138_0_1_q0              |   in|   32|   ap_memory|      v138_0_1|         array|
|v138_0_2_address0        |  out|    8|   ap_memory|      v138_0_2|         array|
|v138_0_2_ce0             |  out|    1|   ap_memory|      v138_0_2|         array|
|v138_0_2_q0              |   in|   32|   ap_memory|      v138_0_2|         array|
|v138_0_3_address0        |  out|    8|   ap_memory|      v138_0_3|         array|
|v138_0_3_ce0             |  out|    1|   ap_memory|      v138_0_3|         array|
|v138_0_3_q0              |   in|   32|   ap_memory|      v138_0_3|         array|
|v138_1_0_address0        |  out|    8|   ap_memory|      v138_1_0|         array|
|v138_1_0_ce0             |  out|    1|   ap_memory|      v138_1_0|         array|
|v138_1_0_q0              |   in|   32|   ap_memory|      v138_1_0|         array|
|v138_1_1_address0        |  out|    8|   ap_memory|      v138_1_1|         array|
|v138_1_1_ce0             |  out|    1|   ap_memory|      v138_1_1|         array|
|v138_1_1_q0              |   in|   32|   ap_memory|      v138_1_1|         array|
|v138_1_2_address0        |  out|    8|   ap_memory|      v138_1_2|         array|
|v138_1_2_ce0             |  out|    1|   ap_memory|      v138_1_2|         array|
|v138_1_2_q0              |   in|   32|   ap_memory|      v138_1_2|         array|
|v138_1_3_address0        |  out|    8|   ap_memory|      v138_1_3|         array|
|v138_1_3_ce0             |  out|    1|   ap_memory|      v138_1_3|         array|
|v138_1_3_q0              |   in|   32|   ap_memory|      v138_1_3|         array|
|v138_2_0_address0        |  out|    8|   ap_memory|      v138_2_0|         array|
|v138_2_0_ce0             |  out|    1|   ap_memory|      v138_2_0|         array|
|v138_2_0_q0              |   in|   32|   ap_memory|      v138_2_0|         array|
|v138_2_1_address0        |  out|    8|   ap_memory|      v138_2_1|         array|
|v138_2_1_ce0             |  out|    1|   ap_memory|      v138_2_1|         array|
|v138_2_1_q0              |   in|   32|   ap_memory|      v138_2_1|         array|
|v138_2_2_address0        |  out|    8|   ap_memory|      v138_2_2|         array|
|v138_2_2_ce0             |  out|    1|   ap_memory|      v138_2_2|         array|
|v138_2_2_q0              |   in|   32|   ap_memory|      v138_2_2|         array|
|v138_2_3_address0        |  out|    8|   ap_memory|      v138_2_3|         array|
|v138_2_3_ce0             |  out|    1|   ap_memory|      v138_2_3|         array|
|v138_2_3_q0              |   in|   32|   ap_memory|      v138_2_3|         array|
|v138_3_0_address0        |  out|    8|   ap_memory|      v138_3_0|         array|
|v138_3_0_ce0             |  out|    1|   ap_memory|      v138_3_0|         array|
|v138_3_0_q0              |   in|   32|   ap_memory|      v138_3_0|         array|
|v138_3_1_address0        |  out|    8|   ap_memory|      v138_3_1|         array|
|v138_3_1_ce0             |  out|    1|   ap_memory|      v138_3_1|         array|
|v138_3_1_q0              |   in|   32|   ap_memory|      v138_3_1|         array|
|v138_3_2_address0        |  out|    8|   ap_memory|      v138_3_2|         array|
|v138_3_2_ce0             |  out|    1|   ap_memory|      v138_3_2|         array|
|v138_3_2_q0              |   in|   32|   ap_memory|      v138_3_2|         array|
|v138_3_3_address0        |  out|    8|   ap_memory|      v138_3_3|         array|
|v138_3_3_ce0             |  out|    1|   ap_memory|      v138_3_3|         array|
|v138_3_3_q0              |   in|   32|   ap_memory|      v138_3_3|         array|
+-------------------------+-----+-----+------------+--------------+--------------+

