

================================================================
== Vitis HLS Report for 'node10'
================================================================
* Date:           Wed Oct  2 14:55:12 2024

* Version:        2023.2 (Build 4023990 on Oct 11 2023)
* Project:        hls_MultiHeadSelfAttention1
* Solution:       solution1 (Vivado IP Flow Target)
* Product family: virtexuplusHBM
* Target device:  xcu280-fsvh2892-2L-e


================================================================
== Performance Estimates
================================================================
+ Timing: 
    * Summary: 
    +--------+---------+----------+------------+
    |  Clock |  Target | Estimated| Uncertainty|
    +--------+---------+----------+------------+
    |ap_clk  |  3.33 ns|  2.643 ns|     0.90 ns|
    +--------+---------+----------+------------+

+ Latency: 
    * Summary: 
    +---------+---------+----------+----------+------+------+---------+
    |  Latency (cycles) |  Latency (absolute) |   Interval  | Pipeline|
    |   min   |   max   |    min   |    max   |  min |  max |   Type  |
    +---------+---------+----------+----------+------+------+---------+
    |     1051|     1051|  3.500 us|  3.500 us|  1051|  1051|       no|
    +---------+---------+----------+----------+------+------+---------+

    + Detail: 
        * Instance: 
        N/A

        * Loop: 
        +------------------------+---------+---------+----------+-----------+-----------+------+----------+
        |                        |  Latency (cycles) | Iteration|  Initiation Interval  | Trip |          |
        |        Loop Name       |   min   |   max   |  Latency |  achieved |   target  | Count| Pipelined|
        +------------------------+---------+---------+----------+-----------+-----------+------+----------+
        |- loop54_loop55_loop56  |     1049|     1049|        27|          1|          1|  1024|       yes|
        +------------------------+---------+---------+----------+-----------+-----------+------+----------+



================================================================
== Utilization Estimates
================================================================
* Summary: 
+---------------------+---------+------+---------+---------+-----+
|         Name        | BRAM_18K|  DSP |    FF   |   LUT   | URAM|
+---------------------+---------+------+---------+---------+-----+
|DSP                  |        -|     -|        -|        -|    -|
|Expression           |        -|     -|        0|      193|    -|
|FIFO                 |        -|     -|        -|        -|    -|
|Instance             |        -|   288|    20288|    30272|    -|
|Memory               |        0|     -|      256|      264|    0|
|Multiplexer          |        -|     -|        -|     1125|    -|
|Register             |        -|     -|     4115|       64|    -|
+---------------------+---------+------+---------+---------+-----+
|Total                |        0|   288|    24659|    31918|    0|
+---------------------+---------+------+---------+---------+-----+
|Available SLR        |     1344|  3008|   869120|   434560|  320|
+---------------------+---------+------+---------+---------+-----+
|Utilization SLR (%)  |        0|     9|        2|        7|    0|
+---------------------+---------+------+---------+---------+-----+
|Available            |     4032|  9024|  2607360|  1303680|  960|
+---------------------+---------+------+---------+---------+-----+
|Utilization (%)      |        0|     3|       ~0|        2|    0|
+---------------------+---------+------+---------+---------+-----+

+ Detail: 
    * Instance: 
    +---------------------------------------+---------------------------------+---------+----+-----+-----+-----+
    |                Instance               |              Module             | BRAM_18K| DSP|  FF | LUT | URAM|
    +---------------------------------------+---------------------------------+---------+----+-----+-----+-----+
    |fexp_32ns_32ns_32_14_full_dsp_1_U1302  |fexp_32ns_32ns_32_14_full_dsp_1  |        0|   7|  316|  748|    0|
    |fexp_32ns_32ns_32_14_full_dsp_1_U1303  |fexp_32ns_32ns_32_14_full_dsp_1  |        0|   7|  316|  748|    0|
    |fexp_32ns_32ns_32_14_full_dsp_1_U1304  |fexp_32ns_32ns_32_14_full_dsp_1  |        0|   7|  316|  748|    0|
    |fexp_32ns_32ns_32_14_full_dsp_1_U1305  |fexp_32ns_32ns_32_14_full_dsp_1  |        0|   7|  316|  748|    0|
    |fexp_32ns_32ns_32_14_full_dsp_1_U1306  |fexp_32ns_32ns_32_14_full_dsp_1  |        0|   7|  316|  748|    0|
    |fexp_32ns_32ns_32_14_full_dsp_1_U1307  |fexp_32ns_32ns_32_14_full_dsp_1  |        0|   7|  316|  748|    0|
    |fexp_32ns_32ns_32_14_full_dsp_1_U1308  |fexp_32ns_32ns_32_14_full_dsp_1  |        0|   7|  316|  748|    0|
    |fexp_32ns_32ns_32_14_full_dsp_1_U1309  |fexp_32ns_32ns_32_14_full_dsp_1  |        0|   7|  316|  748|    0|
    |fexp_32ns_32ns_32_14_full_dsp_1_U1310  |fexp_32ns_32ns_32_14_full_dsp_1  |        0|   7|  316|  748|    0|
    |fexp_32ns_32ns_32_14_full_dsp_1_U1311  |fexp_32ns_32ns_32_14_full_dsp_1  |        0|   7|  316|  748|    0|
    |fexp_32ns_32ns_32_14_full_dsp_1_U1312  |fexp_32ns_32ns_32_14_full_dsp_1  |        0|   7|  316|  748|    0|
    |fexp_32ns_32ns_32_14_full_dsp_1_U1313  |fexp_32ns_32ns_32_14_full_dsp_1  |        0|   7|  316|  748|    0|
    |fexp_32ns_32ns_32_14_full_dsp_1_U1314  |fexp_32ns_32ns_32_14_full_dsp_1  |        0|   7|  316|  748|    0|
    |fexp_32ns_32ns_32_14_full_dsp_1_U1315  |fexp_32ns_32ns_32_14_full_dsp_1  |        0|   7|  316|  748|    0|
    |fexp_32ns_32ns_32_14_full_dsp_1_U1316  |fexp_32ns_32ns_32_14_full_dsp_1  |        0|   7|  316|  748|    0|
    |fexp_32ns_32ns_32_14_full_dsp_1_U1317  |fexp_32ns_32ns_32_14_full_dsp_1  |        0|   7|  316|  748|    0|
    |fexp_32ns_32ns_32_14_full_dsp_1_U1318  |fexp_32ns_32ns_32_14_full_dsp_1  |        0|   7|  316|  748|    0|
    |fexp_32ns_32ns_32_14_full_dsp_1_U1319  |fexp_32ns_32ns_32_14_full_dsp_1  |        0|   7|  316|  748|    0|
    |fexp_32ns_32ns_32_14_full_dsp_1_U1320  |fexp_32ns_32ns_32_14_full_dsp_1  |        0|   7|  316|  748|    0|
    |fexp_32ns_32ns_32_14_full_dsp_1_U1321  |fexp_32ns_32ns_32_14_full_dsp_1  |        0|   7|  316|  748|    0|
    |fexp_32ns_32ns_32_14_full_dsp_1_U1322  |fexp_32ns_32ns_32_14_full_dsp_1  |        0|   7|  316|  748|    0|
    |fexp_32ns_32ns_32_14_full_dsp_1_U1323  |fexp_32ns_32ns_32_14_full_dsp_1  |        0|   7|  316|  748|    0|
    |fexp_32ns_32ns_32_14_full_dsp_1_U1324  |fexp_32ns_32ns_32_14_full_dsp_1  |        0|   7|  316|  748|    0|
    |fexp_32ns_32ns_32_14_full_dsp_1_U1325  |fexp_32ns_32ns_32_14_full_dsp_1  |        0|   7|  316|  748|    0|
    |fexp_32ns_32ns_32_14_full_dsp_1_U1326  |fexp_32ns_32ns_32_14_full_dsp_1  |        0|   7|  316|  748|    0|
    |fexp_32ns_32ns_32_14_full_dsp_1_U1327  |fexp_32ns_32ns_32_14_full_dsp_1  |        0|   7|  316|  748|    0|
    |fexp_32ns_32ns_32_14_full_dsp_1_U1328  |fexp_32ns_32ns_32_14_full_dsp_1  |        0|   7|  316|  748|    0|
    |fexp_32ns_32ns_32_14_full_dsp_1_U1329  |fexp_32ns_32ns_32_14_full_dsp_1  |        0|   7|  316|  748|    0|
    |fexp_32ns_32ns_32_14_full_dsp_1_U1330  |fexp_32ns_32ns_32_14_full_dsp_1  |        0|   7|  316|  748|    0|
    |fexp_32ns_32ns_32_14_full_dsp_1_U1331  |fexp_32ns_32ns_32_14_full_dsp_1  |        0|   7|  316|  748|    0|
    |fexp_32ns_32ns_32_14_full_dsp_1_U1332  |fexp_32ns_32ns_32_14_full_dsp_1  |        0|   7|  316|  748|    0|
    |fexp_32ns_32ns_32_14_full_dsp_1_U1333  |fexp_32ns_32ns_32_14_full_dsp_1  |        0|   7|  316|  748|    0|
    |fsub_32ns_32ns_32_7_full_dsp_1_U1270   |fsub_32ns_32ns_32_7_full_dsp_1   |        0|   2|  318|  198|    0|
    |fsub_32ns_32ns_32_7_full_dsp_1_U1271   |fsub_32ns_32ns_32_7_full_dsp_1   |        0|   2|  318|  198|    0|
    |fsub_32ns_32ns_32_7_full_dsp_1_U1272   |fsub_32ns_32ns_32_7_full_dsp_1   |        0|   2|  318|  198|    0|
    |fsub_32ns_32ns_32_7_full_dsp_1_U1273   |fsub_32ns_32ns_32_7_full_dsp_1   |        0|   2|  318|  198|    0|
    |fsub_32ns_32ns_32_7_full_dsp_1_U1274   |fsub_32ns_32ns_32_7_full_dsp_1   |        0|   2|  318|  198|    0|
    |fsub_32ns_32ns_32_7_full_dsp_1_U1275   |fsub_32ns_32ns_32_7_full_dsp_1   |        0|   2|  318|  198|    0|
    |fsub_32ns_32ns_32_7_full_dsp_1_U1276   |fsub_32ns_32ns_32_7_full_dsp_1   |        0|   2|  318|  198|    0|
    |fsub_32ns_32ns_32_7_full_dsp_1_U1277   |fsub_32ns_32ns_32_7_full_dsp_1   |        0|   2|  318|  198|    0|
    |fsub_32ns_32ns_32_7_full_dsp_1_U1278   |fsub_32ns_32ns_32_7_full_dsp_1   |        0|   2|  318|  198|    0|
    |fsub_32ns_32ns_32_7_full_dsp_1_U1279   |fsub_32ns_32ns_32_7_full_dsp_1   |        0|   2|  318|  198|    0|
    |fsub_32ns_32ns_32_7_full_dsp_1_U1280   |fsub_32ns_32ns_32_7_full_dsp_1   |        0|   2|  318|  198|    0|
    |fsub_32ns_32ns_32_7_full_dsp_1_U1281   |fsub_32ns_32ns_32_7_full_dsp_1   |        0|   2|  318|  198|    0|
    |fsub_32ns_32ns_32_7_full_dsp_1_U1282   |fsub_32ns_32ns_32_7_full_dsp_1   |        0|   2|  318|  198|    0|
    |fsub_32ns_32ns_32_7_full_dsp_1_U1283   |fsub_32ns_32ns_32_7_full_dsp_1   |        0|   2|  318|  198|    0|
    |fsub_32ns_32ns_32_7_full_dsp_1_U1284   |fsub_32ns_32ns_32_7_full_dsp_1   |        0|   2|  318|  198|    0|
    |fsub_32ns_32ns_32_7_full_dsp_1_U1285   |fsub_32ns_32ns_32_7_full_dsp_1   |        0|   2|  318|  198|    0|
    |fsub_32ns_32ns_32_7_full_dsp_1_U1286   |fsub_32ns_32ns_32_7_full_dsp_1   |        0|   2|  318|  198|    0|
    |fsub_32ns_32ns_32_7_full_dsp_1_U1287   |fsub_32ns_32ns_32_7_full_dsp_1   |        0|   2|  318|  198|    0|
    |fsub_32ns_32ns_32_7_full_dsp_1_U1288   |fsub_32ns_32ns_32_7_full_dsp_1   |        0|   2|  318|  198|    0|
    |fsub_32ns_32ns_32_7_full_dsp_1_U1289   |fsub_32ns_32ns_32_7_full_dsp_1   |        0|   2|  318|  198|    0|
    |fsub_32ns_32ns_32_7_full_dsp_1_U1290   |fsub_32ns_32ns_32_7_full_dsp_1   |        0|   2|  318|  198|    0|
    |fsub_32ns_32ns_32_7_full_dsp_1_U1291   |fsub_32ns_32ns_32_7_full_dsp_1   |        0|   2|  318|  198|    0|
    |fsub_32ns_32ns_32_7_full_dsp_1_U1292   |fsub_32ns_32ns_32_7_full_dsp_1   |        0|   2|  318|  198|    0|
    |fsub_32ns_32ns_32_7_full_dsp_1_U1293   |fsub_32ns_32ns_32_7_full_dsp_1   |        0|   2|  318|  198|    0|
    |fsub_32ns_32ns_32_7_full_dsp_1_U1294   |fsub_32ns_32ns_32_7_full_dsp_1   |        0|   2|  318|  198|    0|
    |fsub_32ns_32ns_32_7_full_dsp_1_U1295   |fsub_32ns_32ns_32_7_full_dsp_1   |        0|   2|  318|  198|    0|
    |fsub_32ns_32ns_32_7_full_dsp_1_U1296   |fsub_32ns_32ns_32_7_full_dsp_1   |        0|   2|  318|  198|    0|
    |fsub_32ns_32ns_32_7_full_dsp_1_U1297   |fsub_32ns_32ns_32_7_full_dsp_1   |        0|   2|  318|  198|    0|
    |fsub_32ns_32ns_32_7_full_dsp_1_U1298   |fsub_32ns_32ns_32_7_full_dsp_1   |        0|   2|  318|  198|    0|
    |fsub_32ns_32ns_32_7_full_dsp_1_U1299   |fsub_32ns_32ns_32_7_full_dsp_1   |        0|   2|  318|  198|    0|
    |fsub_32ns_32ns_32_7_full_dsp_1_U1300   |fsub_32ns_32ns_32_7_full_dsp_1   |        0|   2|  318|  198|    0|
    |fsub_32ns_32ns_32_7_full_dsp_1_U1301   |fsub_32ns_32ns_32_7_full_dsp_1   |        0|   2|  318|  198|    0|
    +---------------------------------------+---------------------------------+---------+----+-----+-----+-----+
    |Total                                  |                                 |        0| 288|20288|30272|    0|
    +---------------------------------------+---------------------------------+---------+----+-----+-----+-----+

    * DSP: 
    N/A

    * Memory: 
    +----------+---------------------------+---------+----+----+-----+------+-----+------+-------------+
    |  Memory  |           Module          | BRAM_18K| FF | LUT| URAM| Words| Bits| Banks| W*Bits*Banks|
    +----------+---------------------------+---------+----+----+-----+------+-----+------+-------------+
    |v125_U    |node11_v140_RAM_AUTO_1R1W  |        0|  32|  33|    0|    64|   32|     1|         2048|
    |v125_1_U  |node11_v140_RAM_AUTO_1R1W  |        0|  32|  33|    0|    64|   32|     1|         2048|
    |v125_2_U  |node11_v140_RAM_AUTO_1R1W  |        0|  32|  33|    0|    64|   32|     1|         2048|
    |v125_3_U  |node11_v140_RAM_AUTO_1R1W  |        0|  32|  33|    0|    64|   32|     1|         2048|
    |v125_4_U  |node11_v140_RAM_AUTO_1R1W  |        0|  32|  33|    0|    64|   32|     1|         2048|
    |v125_5_U  |node11_v140_RAM_AUTO_1R1W  |        0|  32|  33|    0|    64|   32|     1|         2048|
    |v125_6_U  |node11_v140_RAM_AUTO_1R1W  |        0|  32|  33|    0|    64|   32|     1|         2048|
    |v125_7_U  |node11_v140_RAM_AUTO_1R1W  |        0|  32|  33|    0|    64|   32|     1|         2048|
    +----------+---------------------------+---------+----+----+-----+------+-----+------+-------------+
    |Total     |                           |        0| 256| 264|    0|   512|  256|     8|        16384|
    +----------+---------------------------+---------+----+----+-----+------+-----+------+-------------+

    * FIFO: 
    N/A

    * Expression: 
    +------------------------------------+----------+----+---+----+------------+------------+
    |            Variable Name           | Operation| DSP| FF| LUT| Bitwidth P0| Bitwidth P1|
    +------------------------------------+----------+----+---+----+------------+------------+
    |add_ln377_1_fu_1517_p2              |         +|   0|  0|  18|          11|           1|
    |add_ln377_fu_1635_p2                |         +|   0|  0|  10|           3|           1|
    |add_ln378_1_fu_1529_p2              |         +|   0|  0|  17|          10|           1|
    |add_ln379_fu_1616_p2                |         +|   0|  0|  12|           5|           1|
    |add_ln390_fu_1663_p2                |         +|   0|  0|  13|           6|           6|
    |v127_2_fu_1583_p2                   |         +|   0|  0|  12|           5|           1|
    |and_ln377_fu_1577_p2                |       and|   0|  0|   2|           1|           1|
    |ap_condition_2293                   |       and|   0|  0|   2|           1|           1|
    |ap_condition_2297                   |       and|   0|  0|   2|           1|           1|
    |ap_predicate_op194_read_state3      |       and|   0|  0|   2|           1|           1|
    |cmp25_fu_1610_p2                    |      icmp|   0|  0|  12|           5|           1|
    |icmp_ln377_fu_1511_p2               |      icmp|   0|  0|  19|          11|          12|
    |icmp_ln378_fu_1523_p2               |      icmp|   0|  0|  17|          10|           9|
    |icmp_ln379_fu_1571_p2               |      icmp|   0|  0|  13|           5|           6|
    |ap_block_pp0_stage0_01001           |        or|   0|  0|   2|           1|           1|
    |ap_block_state27_pp0_stage0_iter26  |        or|   0|  0|   2|           1|           1|
    |ap_block_state3_pp0_stage0_iter2    |        or|   0|  0|   2|           1|           1|
    |ap_block_state5_pp0_stage0_iter4    |        or|   0|  0|   2|           1|           1|
    |or_ln378_fu_1589_p2                 |        or|   0|  0|   2|           1|           1|
    |select_ln377_1_fu_1641_p3           |    select|   0|  0|   3|           1|           3|
    |select_ln377_fu_1559_p3             |    select|   0|  0|   5|           1|           1|
    |select_ln378_1_fu_1602_p3           |    select|   0|  0|   5|           1|           5|
    |select_ln378_2_fu_1535_p3           |    select|   0|  0|  10|           1|           1|
    |select_ln378_fu_1594_p3             |    select|   0|  0|   5|           1|           1|
    |ap_enable_pp0                       |       xor|   0|  0|   2|           1|           2|
    |xor_ln377_fu_1566_p2                |       xor|   0|  0|   2|           1|           2|
    +------------------------------------+----------+----+---+----+------------+------------+
    |Total                               |          |   0|  0| 193|          87|          63|
    +------------------------------------+----------+----+---+----+------------+------------+

    * Multiplexer: 
    +----------------------------------------+----+-----------+-----+-----------+
    |                  Name                  | LUT| Input Size| Bits| Total Bits|
    +----------------------------------------+----+-----------+-----+-----------+
    |ap_done_int                             |   9|          2|    1|          2|
    |ap_enable_reg_pp0_iter1                 |   9|          2|    1|          2|
    |ap_phi_reg_pp0_iter3_empty_31_reg_1146  |   9|          2|   32|         64|
    |ap_phi_reg_pp0_iter3_empty_32_reg_1156  |   9|          2|   32|         64|
    |ap_phi_reg_pp0_iter3_empty_33_reg_1166  |   9|          2|   32|         64|
    |ap_phi_reg_pp0_iter3_empty_reg_1136     |   9|          2|   32|         64|
    |ap_phi_reg_pp0_iter5_empty_31_reg_1146  |   9|          2|   32|         64|
    |ap_phi_reg_pp0_iter5_empty_32_reg_1156  |   9|          2|   32|         64|
    |ap_phi_reg_pp0_iter5_empty_33_reg_1166  |   9|          2|   32|         64|
    |ap_phi_reg_pp0_iter5_empty_reg_1136     |   9|          2|   32|         64|
    |ap_sig_allocacmp_indvar_flatten12_load  |   9|          2|   11|         22|
    |ap_sig_allocacmp_indvar_flatten_load    |   9|          2|   10|         20|
    |ap_sig_allocacmp_v126_load              |   9|          2|    3|          6|
    |ap_sig_allocacmp_v127_load              |   9|          2|    5|         10|
    |ap_sig_allocacmp_v128_load              |   9|          2|    5|         10|
    |indvar_flatten12_fu_284                 |   9|          2|   11|         22|
    |indvar_flatten_fu_276                   |   9|          2|   10|         20|
    |real_start                              |   9|          2|    1|          2|
    |v126_fu_280                             |   9|          2|    3|          6|
    |v127_fu_272                             |   9|          2|    5|         10|
    |v128_fu_268                             |   9|          2|    5|         10|
    |v346_0_0_0_blk_n                        |   9|          2|    1|          2|
    |v346_0_0_1_blk_n                        |   9|          2|    1|          2|
    |v346_0_0_2_blk_n                        |   9|          2|    1|          2|
    |v346_0_0_3_blk_n                        |   9|          2|    1|          2|
    |v346_0_1_0_blk_n                        |   9|          2|    1|          2|
    |v346_0_1_1_blk_n                        |   9|          2|    1|          2|
    |v346_0_1_2_blk_n                        |   9|          2|    1|          2|
    |v346_0_1_3_blk_n                        |   9|          2|    1|          2|
    |v346_0_2_0_blk_n                        |   9|          2|    1|          2|
    |v346_0_2_1_blk_n                        |   9|          2|    1|          2|
    |v346_0_2_2_blk_n                        |   9|          2|    1|          2|
    |v346_0_2_3_blk_n                        |   9|          2|    1|          2|
    |v346_0_3_0_blk_n                        |   9|          2|    1|          2|
    |v346_0_3_1_blk_n                        |   9|          2|    1|          2|
    |v346_0_3_2_blk_n                        |   9|          2|    1|          2|
    |v346_0_3_3_blk_n                        |   9|          2|    1|          2|
    |v346_1_0_0_blk_n                        |   9|          2|    1|          2|
    |v346_1_0_1_blk_n                        |   9|          2|    1|          2|
    |v346_1_0_2_blk_n                        |   9|          2|    1|          2|
    |v346_1_0_3_blk_n                        |   9|          2|    1|          2|
    |v346_1_1_0_blk_n                        |   9|          2|    1|          2|
    |v346_1_1_1_blk_n                        |   9|          2|    1|          2|
    |v346_1_1_2_blk_n                        |   9|          2|    1|          2|
    |v346_1_1_3_blk_n                        |   9|          2|    1|          2|
    |v346_1_2_0_blk_n                        |   9|          2|    1|          2|
    |v346_1_2_1_blk_n                        |   9|          2|    1|          2|
    |v346_1_2_2_blk_n                        |   9|          2|    1|          2|
    |v346_1_2_3_blk_n                        |   9|          2|    1|          2|
    |v346_1_3_0_blk_n                        |   9|          2|    1|          2|
    |v346_1_3_1_blk_n                        |   9|          2|    1|          2|
    |v346_1_3_2_blk_n                        |   9|          2|    1|          2|
    |v346_1_3_3_blk_n                        |   9|          2|    1|          2|
    |v347_0_0_0_blk_n                        |   9|          2|    1|          2|
    |v347_0_0_1_blk_n                        |   9|          2|    1|          2|
    |v347_0_0_2_blk_n                        |   9|          2|    1|          2|
    |v347_0_0_3_blk_n                        |   9|          2|    1|          2|
    |v347_0_1_0_blk_n                        |   9|          2|    1|          2|
    |v347_0_1_1_blk_n                        |   9|          2|    1|          2|
    |v347_0_1_2_blk_n                        |   9|          2|    1|          2|
    |v347_0_1_3_blk_n                        |   9|          2|    1|          2|
    |v347_0_2_0_blk_n                        |   9|          2|    1|          2|
    |v347_0_2_1_blk_n                        |   9|          2|    1|          2|
    |v347_0_2_2_blk_n                        |   9|          2|    1|          2|
    |v347_0_2_3_blk_n                        |   9|          2|    1|          2|
    |v347_0_3_0_blk_n                        |   9|          2|    1|          2|
    |v347_0_3_1_blk_n                        |   9|          2|    1|          2|
    |v347_0_3_2_blk_n                        |   9|          2|    1|          2|
    |v347_0_3_3_blk_n                        |   9|          2|    1|          2|
    |v347_1_0_0_blk_n                        |   9|          2|    1|          2|
    |v347_1_0_1_blk_n                        |   9|          2|    1|          2|
    |v347_1_0_2_blk_n                        |   9|          2|    1|          2|
    |v347_1_0_3_blk_n                        |   9|          2|    1|          2|
    |v347_1_1_0_blk_n                        |   9|          2|    1|          2|
    |v347_1_1_1_blk_n                        |   9|          2|    1|          2|
    |v347_1_1_2_blk_n                        |   9|          2|    1|          2|
    |v347_1_1_3_blk_n                        |   9|          2|    1|          2|
    |v347_1_2_0_blk_n                        |   9|          2|    1|          2|
    |v347_1_2_1_blk_n                        |   9|          2|    1|          2|
    |v347_1_2_2_blk_n                        |   9|          2|    1|          2|
    |v347_1_2_3_blk_n                        |   9|          2|    1|          2|
    |v347_1_3_0_blk_n                        |   9|          2|    1|          2|
    |v347_1_3_1_blk_n                        |   9|          2|    1|          2|
    |v347_1_3_2_blk_n                        |   9|          2|    1|          2|
    |v347_1_3_3_blk_n                        |   9|          2|    1|          2|
    |v348_0_0_blk_n                          |   9|          2|    1|          2|
    |v348_0_1_blk_n                          |   9|          2|    1|          2|
    |v348_0_2_blk_n                          |   9|          2|    1|          2|
    |v348_0_3_blk_n                          |   9|          2|    1|          2|
    |v348_1_0_blk_n                          |   9|          2|    1|          2|
    |v348_1_1_blk_n                          |   9|          2|    1|          2|
    |v348_1_2_blk_n                          |   9|          2|    1|          2|
    |v348_1_3_blk_n                          |   9|          2|    1|          2|
    |v349_0_0_0_blk_n                        |   9|          2|    1|          2|
    |v349_0_0_1_blk_n                        |   9|          2|    1|          2|
    |v349_0_0_2_blk_n                        |   9|          2|    1|          2|
    |v349_0_0_3_blk_n                        |   9|          2|    1|          2|
    |v349_0_1_0_blk_n                        |   9|          2|    1|          2|
    |v349_0_1_1_blk_n                        |   9|          2|    1|          2|
    |v349_0_1_2_blk_n                        |   9|          2|    1|          2|
    |v349_0_1_3_blk_n                        |   9|          2|    1|          2|
    |v349_0_2_0_blk_n                        |   9|          2|    1|          2|
    |v349_0_2_1_blk_n                        |   9|          2|    1|          2|
    |v349_0_2_2_blk_n                        |   9|          2|    1|          2|
    |v349_0_2_3_blk_n                        |   9|          2|    1|          2|
    |v349_0_3_0_blk_n                        |   9|          2|    1|          2|
    |v349_0_3_1_blk_n                        |   9|          2|    1|          2|
    |v349_0_3_2_blk_n                        |   9|          2|    1|          2|
    |v349_0_3_3_blk_n                        |   9|          2|    1|          2|
    |v349_1_0_0_blk_n                        |   9|          2|    1|          2|
    |v349_1_0_1_blk_n                        |   9|          2|    1|          2|
    |v349_1_0_2_blk_n                        |   9|          2|    1|          2|
    |v349_1_0_3_blk_n                        |   9|          2|    1|          2|
    |v349_1_1_0_blk_n                        |   9|          2|    1|          2|
    |v349_1_1_1_blk_n                        |   9|          2|    1|          2|
    |v349_1_1_2_blk_n                        |   9|          2|    1|          2|
    |v349_1_1_3_blk_n                        |   9|          2|    1|          2|
    |v349_1_2_0_blk_n                        |   9|          2|    1|          2|
    |v349_1_2_1_blk_n                        |   9|          2|    1|          2|
    |v349_1_2_2_blk_n                        |   9|          2|    1|          2|
    |v349_1_2_3_blk_n                        |   9|          2|    1|          2|
    |v349_1_3_0_blk_n                        |   9|          2|    1|          2|
    |v349_1_3_1_blk_n                        |   9|          2|    1|          2|
    |v349_1_3_2_blk_n                        |   9|          2|    1|          2|
    |v349_1_3_3_blk_n                        |   9|          2|    1|          2|
    +----------------------------------------+----+-----------+-----+-----------+
    |Total                                   |1125|        250|  431|        862|
    +----------------------------------------+----+-----------+-----+-----------+

    * Register: 
    +----------------------------------------+----+----+-----+-----------+
    |                  Name                  | FF | LUT| Bits| Const Bits|
    +----------------------------------------+----+----+-----+-----------+
    |ap_CS_fsm                               |   1|   0|    1|          0|
    |ap_done_reg                             |   1|   0|    1|          0|
    |ap_enable_reg_pp0_iter1                 |   1|   0|    1|          0|
    |ap_enable_reg_pp0_iter10                |   1|   0|    1|          0|
    |ap_enable_reg_pp0_iter11                |   1|   0|    1|          0|
    |ap_enable_reg_pp0_iter12                |   1|   0|    1|          0|
    |ap_enable_reg_pp0_iter13                |   1|   0|    1|          0|
    |ap_enable_reg_pp0_iter14                |   1|   0|    1|          0|
    |ap_enable_reg_pp0_iter15                |   1|   0|    1|          0|
    |ap_enable_reg_pp0_iter16                |   1|   0|    1|          0|
    |ap_enable_reg_pp0_iter17                |   1|   0|    1|          0|
    |ap_enable_reg_pp0_iter18                |   1|   0|    1|          0|
    |ap_enable_reg_pp0_iter19                |   1|   0|    1|          0|
    |ap_enable_reg_pp0_iter2                 |   1|   0|    1|          0|
    |ap_enable_reg_pp0_iter20                |   1|   0|    1|          0|
    |ap_enable_reg_pp0_iter21                |   1|   0|    1|          0|
    |ap_enable_reg_pp0_iter22                |   1|   0|    1|          0|
    |ap_enable_reg_pp0_iter23                |   1|   0|    1|          0|
    |ap_enable_reg_pp0_iter24                |   1|   0|    1|          0|
    |ap_enable_reg_pp0_iter25                |   1|   0|    1|          0|
    |ap_enable_reg_pp0_iter26                |   1|   0|    1|          0|
    |ap_enable_reg_pp0_iter3                 |   1|   0|    1|          0|
    |ap_enable_reg_pp0_iter4                 |   1|   0|    1|          0|
    |ap_enable_reg_pp0_iter5                 |   1|   0|    1|          0|
    |ap_enable_reg_pp0_iter6                 |   1|   0|    1|          0|
    |ap_enable_reg_pp0_iter7                 |   1|   0|    1|          0|
    |ap_enable_reg_pp0_iter8                 |   1|   0|    1|          0|
    |ap_enable_reg_pp0_iter9                 |   1|   0|    1|          0|
    |ap_loop_exit_ready_pp0_iter10_reg       |   1|   0|    1|          0|
    |ap_loop_exit_ready_pp0_iter11_reg       |   1|   0|    1|          0|
    |ap_loop_exit_ready_pp0_iter12_reg       |   1|   0|    1|          0|
    |ap_loop_exit_ready_pp0_iter13_reg       |   1|   0|    1|          0|
    |ap_loop_exit_ready_pp0_iter14_reg       |   1|   0|    1|          0|
    |ap_loop_exit_ready_pp0_iter15_reg       |   1|   0|    1|          0|
    |ap_loop_exit_ready_pp0_iter16_reg       |   1|   0|    1|          0|
    |ap_loop_exit_ready_pp0_iter17_reg       |   1|   0|    1|          0|
    |ap_loop_exit_ready_pp0_iter18_reg       |   1|   0|    1|          0|
    |ap_loop_exit_ready_pp0_iter19_reg       |   1|   0|    1|          0|
    |ap_loop_exit_ready_pp0_iter1_reg        |   1|   0|    1|          0|
    |ap_loop_exit_ready_pp0_iter20_reg       |   1|   0|    1|          0|
    |ap_loop_exit_ready_pp0_iter21_reg       |   1|   0|    1|          0|
    |ap_loop_exit_ready_pp0_iter22_reg       |   1|   0|    1|          0|
    |ap_loop_exit_ready_pp0_iter23_reg       |   1|   0|    1|          0|
    |ap_loop_exit_ready_pp0_iter24_reg       |   1|   0|    1|          0|
    |ap_loop_exit_ready_pp0_iter25_reg       |   1|   0|    1|          0|
    |ap_loop_exit_ready_pp0_iter2_reg        |   1|   0|    1|          0|
    |ap_loop_exit_ready_pp0_iter3_reg        |   1|   0|    1|          0|
    |ap_loop_exit_ready_pp0_iter4_reg        |   1|   0|    1|          0|
    |ap_loop_exit_ready_pp0_iter5_reg        |   1|   0|    1|          0|
    |ap_loop_exit_ready_pp0_iter6_reg        |   1|   0|    1|          0|
    |ap_loop_exit_ready_pp0_iter7_reg        |   1|   0|    1|          0|
    |ap_loop_exit_ready_pp0_iter8_reg        |   1|   0|    1|          0|
    |ap_loop_exit_ready_pp0_iter9_reg        |   1|   0|    1|          0|
    |ap_loop_init_pp0_iter1_reg              |   1|   0|    1|          0|
    |ap_loop_init_pp0_iter2_reg              |   1|   0|    1|          0|
    |ap_phi_reg_pp0_iter1_empty_31_reg_1146  |  32|   0|   32|          0|
    |ap_phi_reg_pp0_iter1_empty_32_reg_1156  |  32|   0|   32|          0|
    |ap_phi_reg_pp0_iter1_empty_33_reg_1166  |  32|   0|   32|          0|
    |ap_phi_reg_pp0_iter1_empty_reg_1136     |  32|   0|   32|          0|
    |ap_phi_reg_pp0_iter2_empty_31_reg_1146  |  32|   0|   32|          0|
    |ap_phi_reg_pp0_iter2_empty_32_reg_1156  |  32|   0|   32|          0|
    |ap_phi_reg_pp0_iter2_empty_33_reg_1166  |  32|   0|   32|          0|
    |ap_phi_reg_pp0_iter2_empty_reg_1136     |  32|   0|   32|          0|
    |ap_phi_reg_pp0_iter3_empty_31_reg_1146  |  32|   0|   32|          0|
    |ap_phi_reg_pp0_iter3_empty_32_reg_1156  |  32|   0|   32|          0|
    |ap_phi_reg_pp0_iter3_empty_33_reg_1166  |  32|   0|   32|          0|
    |ap_phi_reg_pp0_iter3_empty_reg_1136     |  32|   0|   32|          0|
    |ap_phi_reg_pp0_iter4_empty_31_reg_1146  |  32|   0|   32|          0|
    |ap_phi_reg_pp0_iter4_empty_32_reg_1156  |  32|   0|   32|          0|
    |ap_phi_reg_pp0_iter4_empty_33_reg_1166  |  32|   0|   32|          0|
    |ap_phi_reg_pp0_iter4_empty_reg_1136     |  32|   0|   32|          0|
    |ap_phi_reg_pp0_iter5_empty_31_reg_1146  |  32|   0|   32|          0|
    |ap_phi_reg_pp0_iter5_empty_32_reg_1156  |  32|   0|   32|          0|
    |ap_phi_reg_pp0_iter5_empty_33_reg_1166  |  32|   0|   32|          0|
    |ap_phi_reg_pp0_iter5_empty_reg_1136     |  32|   0|   32|          0|
    |cmp25_reg_2066                          |   1|   0|    1|          0|
    |icmp_ln377_reg_2049                     |   1|   0|    1|          0|
    |icmp_ln378_reg_2053                     |   1|   0|    1|          0|
    |icmp_ln378_reg_2053_pp0_iter1_reg       |   1|   0|    1|          0|
    |indvar_flatten12_fu_284                 |  11|   0|   11|          0|
    |indvar_flatten_fu_276                   |  10|   0|   10|          0|
    |select_ln378_reg_2061                   |   5|   0|    5|          0|
    |start_once_reg                          |   1|   0|    1|          0|
    |v125_1_addr_reg_2075                    |   6|   0|    6|          0|
    |v125_2_addr_reg_2080                    |   6|   0|    6|          0|
    |v125_3_addr_reg_2085                    |   6|   0|    6|          0|
    |v125_4_addr_reg_2090                    |   6|   0|    6|          0|
    |v125_5_addr_reg_2095                    |   6|   0|    6|          0|
    |v125_6_addr_reg_2100                    |   6|   0|    6|          0|
    |v125_7_addr_reg_2105                    |   6|   0|    6|          0|
    |v125_addr_reg_2070                      |   6|   0|    6|          0|
    |v126_fu_280                             |   3|   0|    3|          0|
    |v127_fu_272                             |   5|   0|    5|          0|
    |v128_fu_268                             |   5|   0|    5|          0|
    |v132_10_reg_2180                        |  32|   0|   32|          0|
    |v132_11_reg_2185                        |  32|   0|   32|          0|
    |v132_12_reg_2190                        |  32|   0|   32|          0|
    |v132_13_reg_2195                        |  32|   0|   32|          0|
    |v132_14_reg_2200                        |  32|   0|   32|          0|
    |v132_15_reg_2205                        |  32|   0|   32|          0|
    |v132_16_reg_2210                        |  32|   0|   32|          0|
    |v132_17_reg_2215                        |  32|   0|   32|          0|
    |v132_18_reg_2220                        |  32|   0|   32|          0|
    |v132_19_reg_2225                        |  32|   0|   32|          0|
    |v132_1_reg_2135                         |  32|   0|   32|          0|
    |v132_2_reg_2140                         |  32|   0|   32|          0|
    |v132_3_reg_2145                         |  32|   0|   32|          0|
    |v132_4_reg_2150                         |  32|   0|   32|          0|
    |v132_5_reg_2155                         |  32|   0|   32|          0|
    |v132_6_reg_2160                         |  32|   0|   32|          0|
    |v132_7_reg_2165                         |  32|   0|   32|          0|
    |v132_8_reg_2170                         |  32|   0|   32|          0|
    |v132_9_reg_2175                         |  32|   0|   32|          0|
    |v132_reg_2130                           |  32|   0|   32|          0|
    |v134_10_reg_2274                        |  32|   0|   32|          0|
    |v134_11_reg_2250                        |  32|   0|   32|          0|
    |v134_12_reg_2258                        |  32|   0|   32|          0|
    |v134_13_reg_2266                        |  32|   0|   32|          0|
    |v135_10_reg_2457                        |  32|   0|   32|          0|
    |v135_11_reg_2462                        |  32|   0|   32|          0|
    |v135_12_reg_2467                        |  32|   0|   32|          0|
    |v135_13_reg_2472                        |  32|   0|   32|          0|
    |v135_14_reg_2477                        |  32|   0|   32|          0|
    |v135_15_reg_2482                        |  32|   0|   32|          0|
    |v135_16_reg_2487                        |  32|   0|   32|          0|
    |v135_17_reg_2492                        |  32|   0|   32|          0|
    |v135_18_reg_2497                        |  32|   0|   32|          0|
    |v135_19_reg_2507                        |  32|   0|   32|          0|
    |v135_1_reg_2407                         |  32|   0|   32|          0|
    |v135_20_reg_2512                        |  32|   0|   32|          0|
    |v135_21_reg_2517                        |  32|   0|   32|          0|
    |v135_22_reg_2522                        |  32|   0|   32|          0|
    |v135_23_reg_2527                        |  32|   0|   32|          0|
    |v135_24_reg_2532                        |  32|   0|   32|          0|
    |v135_25_reg_2537                        |  32|   0|   32|          0|
    |v135_26_reg_2542                        |  32|   0|   32|          0|
    |v135_27_reg_2547                        |  32|   0|   32|          0|
    |v135_28_reg_2552                        |  32|   0|   32|          0|
    |v135_29_reg_2557                        |  32|   0|   32|          0|
    |v135_2_reg_2412                         |  32|   0|   32|          0|
    |v135_30_reg_2452                        |  32|   0|   32|          0|
    |v135_32_reg_2402                        |  32|   0|   32|          0|
    |v135_3_reg_2417                         |  32|   0|   32|          0|
    |v135_4_reg_2422                         |  32|   0|   32|          0|
    |v135_5_reg_2427                         |  32|   0|   32|          0|
    |v135_6_reg_2432                         |  32|   0|   32|          0|
    |v135_7_reg_2437                         |  32|   0|   32|          0|
    |v135_8_reg_2442                         |  32|   0|   32|          0|
    |v135_9_reg_2447                         |  32|   0|   32|          0|
    |v135_reg_2502                           |  32|   0|   32|          0|
    |v136_10_reg_2617                        |  32|   0|   32|          0|
    |v136_11_reg_2622                        |  32|   0|   32|          0|
    |v136_12_reg_2627                        |  32|   0|   32|          0|
    |v136_13_reg_2632                        |  32|   0|   32|          0|
    |v136_14_reg_2637                        |  32|   0|   32|          0|
    |v136_15_reg_2642                        |  32|   0|   32|          0|
    |v136_16_reg_2647                        |  32|   0|   32|          0|
    |v136_17_reg_2652                        |  32|   0|   32|          0|
    |v136_18_reg_2612                        |  32|   0|   32|          0|
    |v136_19_reg_2662                        |  32|   0|   32|          0|
    |v136_1_reg_2567                         |  32|   0|   32|          0|
    |v136_20_reg_2667                        |  32|   0|   32|          0|
    |v136_21_reg_2672                        |  32|   0|   32|          0|
    |v136_22_reg_2677                        |  32|   0|   32|          0|
    |v136_23_reg_2682                        |  32|   0|   32|          0|
    |v136_24_reg_2687                        |  32|   0|   32|          0|
    |v136_25_reg_2692                        |  32|   0|   32|          0|
    |v136_26_reg_2697                        |  32|   0|   32|          0|
    |v136_27_reg_2702                        |  32|   0|   32|          0|
    |v136_28_reg_2707                        |  32|   0|   32|          0|
    |v136_29_reg_2712                        |  32|   0|   32|          0|
    |v136_2_reg_2572                         |  32|   0|   32|          0|
    |v136_30_reg_2717                        |  32|   0|   32|          0|
    |v136_32_reg_2562                        |  32|   0|   32|          0|
    |v136_3_reg_2577                         |  32|   0|   32|          0|
    |v136_4_reg_2582                         |  32|   0|   32|          0|
    |v136_5_reg_2587                         |  32|   0|   32|          0|
    |v136_6_reg_2592                         |  32|   0|   32|          0|
    |v136_7_reg_2597                         |  32|   0|   32|          0|
    |v136_8_reg_2602                         |  32|   0|   32|          0|
    |v136_9_reg_2607                         |  32|   0|   32|          0|
    |v136_reg_2657                           |  32|   0|   32|          0|
    |v349_1_0_1_read_reg_2282                |  32|   0|   32|          0|
    |v349_1_0_2_read_reg_2302                |  32|   0|   32|          0|
    |v349_1_0_3_read_reg_2322                |  32|   0|   32|          0|
    |v349_1_1_1_read_reg_2287                |  32|   0|   32|          0|
    |v349_1_1_2_read_reg_2307                |  32|   0|   32|          0|
    |v349_1_1_3_read_reg_2327                |  32|   0|   32|          0|
    |v349_1_2_1_read_reg_2292                |  32|   0|   32|          0|
    |v349_1_2_2_read_reg_2312                |  32|   0|   32|          0|
    |v349_1_2_3_read_reg_2332                |  32|   0|   32|          0|
    |v349_1_3_1_read_reg_2297                |  32|   0|   32|          0|
    |v349_1_3_2_read_reg_2317                |  32|   0|   32|          0|
    |v349_1_3_3_read_reg_2337                |  32|   0|   32|          0|
    |cmp25_reg_2066                          |  64|  32|    1|          0|
    |icmp_ln377_reg_2049                     |  64|  32|    1|          0|
    +----------------------------------------+----+----+-----+-----------+
    |Total                                   |4115|  64| 3989|          0|
    +----------------------------------------+----+----+-----+-----------+



================================================================
== Interface
================================================================
* Summary: 
+---------------------------+-----+-----+------------+--------------+--------------+
|         RTL Ports         | Dir | Bits|  Protocol  | Source Object|    C Type    |
+---------------------------+-----+-----+------------+--------------+--------------+
|ap_clk                     |   in|    1|  ap_ctrl_hs|        node10|  return value|
|ap_rst                     |   in|    1|  ap_ctrl_hs|        node10|  return value|
|ap_start                   |   in|    1|  ap_ctrl_hs|        node10|  return value|
|start_full_n               |   in|    1|  ap_ctrl_hs|        node10|  return value|
|ap_done                    |  out|    1|  ap_ctrl_hs|        node10|  return value|
|ap_continue                |   in|    1|  ap_ctrl_hs|        node10|  return value|
|ap_idle                    |  out|    1|  ap_ctrl_hs|        node10|  return value|
|ap_ready                   |  out|    1|  ap_ctrl_hs|        node10|  return value|
|start_out                  |  out|    1|  ap_ctrl_hs|        node10|  return value|
|start_write                |  out|    1|  ap_ctrl_hs|        node10|  return value|
|v348_0_0_dout              |   in|   32|     ap_fifo|      v348_0_0|       pointer|
|v348_0_0_num_data_valid    |   in|    7|     ap_fifo|      v348_0_0|       pointer|
|v348_0_0_fifo_cap          |   in|    7|     ap_fifo|      v348_0_0|       pointer|
|v348_0_0_empty_n           |   in|    1|     ap_fifo|      v348_0_0|       pointer|
|v348_0_0_read              |  out|    1|     ap_fifo|      v348_0_0|       pointer|
|v348_0_1_dout              |   in|   32|     ap_fifo|      v348_0_1|       pointer|
|v348_0_1_num_data_valid    |   in|    7|     ap_fifo|      v348_0_1|       pointer|
|v348_0_1_fifo_cap          |   in|    7|     ap_fifo|      v348_0_1|       pointer|
|v348_0_1_empty_n           |   in|    1|     ap_fifo|      v348_0_1|       pointer|
|v348_0_1_read              |  out|    1|     ap_fifo|      v348_0_1|       pointer|
|v348_0_2_dout              |   in|   32|     ap_fifo|      v348_0_2|       pointer|
|v348_0_2_num_data_valid    |   in|    7|     ap_fifo|      v348_0_2|       pointer|
|v348_0_2_fifo_cap          |   in|    7|     ap_fifo|      v348_0_2|       pointer|
|v348_0_2_empty_n           |   in|    1|     ap_fifo|      v348_0_2|       pointer|
|v348_0_2_read              |  out|    1|     ap_fifo|      v348_0_2|       pointer|
|v348_0_3_dout              |   in|   32|     ap_fifo|      v348_0_3|       pointer|
|v348_0_3_num_data_valid    |   in|    7|     ap_fifo|      v348_0_3|       pointer|
|v348_0_3_fifo_cap          |   in|    7|     ap_fifo|      v348_0_3|       pointer|
|v348_0_3_empty_n           |   in|    1|     ap_fifo|      v348_0_3|       pointer|
|v348_0_3_read              |  out|    1|     ap_fifo|      v348_0_3|       pointer|
|v348_1_0_dout              |   in|   32|     ap_fifo|      v348_1_0|       pointer|
|v348_1_0_num_data_valid    |   in|    7|     ap_fifo|      v348_1_0|       pointer|
|v348_1_0_fifo_cap          |   in|    7|     ap_fifo|      v348_1_0|       pointer|
|v348_1_0_empty_n           |   in|    1|     ap_fifo|      v348_1_0|       pointer|
|v348_1_0_read              |  out|    1|     ap_fifo|      v348_1_0|       pointer|
|v348_1_1_dout              |   in|   32|     ap_fifo|      v348_1_1|       pointer|
|v348_1_1_num_data_valid    |   in|    7|     ap_fifo|      v348_1_1|       pointer|
|v348_1_1_fifo_cap          |   in|    7|     ap_fifo|      v348_1_1|       pointer|
|v348_1_1_empty_n           |   in|    1|     ap_fifo|      v348_1_1|       pointer|
|v348_1_1_read              |  out|    1|     ap_fifo|      v348_1_1|       pointer|
|v348_1_2_dout              |   in|   32|     ap_fifo|      v348_1_2|       pointer|
|v348_1_2_num_data_valid    |   in|    7|     ap_fifo|      v348_1_2|       pointer|
|v348_1_2_fifo_cap          |   in|    7|     ap_fifo|      v348_1_2|       pointer|
|v348_1_2_empty_n           |   in|    1|     ap_fifo|      v348_1_2|       pointer|
|v348_1_2_read              |  out|    1|     ap_fifo|      v348_1_2|       pointer|
|v348_1_3_dout              |   in|   32|     ap_fifo|      v348_1_3|       pointer|
|v348_1_3_num_data_valid    |   in|    7|     ap_fifo|      v348_1_3|       pointer|
|v348_1_3_fifo_cap          |   in|    7|     ap_fifo|      v348_1_3|       pointer|
|v348_1_3_empty_n           |   in|    1|     ap_fifo|      v348_1_3|       pointer|
|v348_1_3_read              |  out|    1|     ap_fifo|      v348_1_3|       pointer|
|v349_0_0_0_dout            |   in|   32|     ap_fifo|    v349_0_0_0|       pointer|
|v349_0_0_0_num_data_valid  |   in|   11|     ap_fifo|    v349_0_0_0|       pointer|
|v349_0_0_0_fifo_cap        |   in|   11|     ap_fifo|    v349_0_0_0|       pointer|
|v349_0_0_0_empty_n         |   in|    1|     ap_fifo|    v349_0_0_0|       pointer|
|v349_0_0_0_read            |  out|    1|     ap_fifo|    v349_0_0_0|       pointer|
|v349_0_1_0_dout            |   in|   32|     ap_fifo|    v349_0_1_0|       pointer|
|v349_0_1_0_num_data_valid  |   in|   11|     ap_fifo|    v349_0_1_0|       pointer|
|v349_0_1_0_fifo_cap        |   in|   11|     ap_fifo|    v349_0_1_0|       pointer|
|v349_0_1_0_empty_n         |   in|    1|     ap_fifo|    v349_0_1_0|       pointer|
|v349_0_1_0_read            |  out|    1|     ap_fifo|    v349_0_1_0|       pointer|
|v349_0_2_0_dout            |   in|   32|     ap_fifo|    v349_0_2_0|       pointer|
|v349_0_2_0_num_data_valid  |   in|   11|     ap_fifo|    v349_0_2_0|       pointer|
|v349_0_2_0_fifo_cap        |   in|   11|     ap_fifo|    v349_0_2_0|       pointer|
|v349_0_2_0_empty_n         |   in|    1|     ap_fifo|    v349_0_2_0|       pointer|
|v349_0_2_0_read            |  out|    1|     ap_fifo|    v349_0_2_0|       pointer|
|v349_0_3_0_dout            |   in|   32|     ap_fifo|    v349_0_3_0|       pointer|
|v349_0_3_0_num_data_valid  |   in|   11|     ap_fifo|    v349_0_3_0|       pointer|
|v349_0_3_0_fifo_cap        |   in|   11|     ap_fifo|    v349_0_3_0|       pointer|
|v349_0_3_0_empty_n         |   in|    1|     ap_fifo|    v349_0_3_0|       pointer|
|v349_0_3_0_read            |  out|    1|     ap_fifo|    v349_0_3_0|       pointer|
|v349_0_0_1_dout            |   in|   32|     ap_fifo|    v349_0_0_1|       pointer|
|v349_0_0_1_num_data_valid  |   in|   11|     ap_fifo|    v349_0_0_1|       pointer|
|v349_0_0_1_fifo_cap        |   in|   11|     ap_fifo|    v349_0_0_1|       pointer|
|v349_0_0_1_empty_n         |   in|    1|     ap_fifo|    v349_0_0_1|       pointer|
|v349_0_0_1_read            |  out|    1|     ap_fifo|    v349_0_0_1|       pointer|
|v349_0_1_1_dout            |   in|   32|     ap_fifo|    v349_0_1_1|       pointer|
|v349_0_1_1_num_data_valid  |   in|   11|     ap_fifo|    v349_0_1_1|       pointer|
|v349_0_1_1_fifo_cap        |   in|   11|     ap_fifo|    v349_0_1_1|       pointer|
|v349_0_1_1_empty_n         |   in|    1|     ap_fifo|    v349_0_1_1|       pointer|
|v349_0_1_1_read            |  out|    1|     ap_fifo|    v349_0_1_1|       pointer|
|v349_0_2_1_dout            |   in|   32|     ap_fifo|    v349_0_2_1|       pointer|
|v349_0_2_1_num_data_valid  |   in|   11|     ap_fifo|    v349_0_2_1|       pointer|
|v349_0_2_1_fifo_cap        |   in|   11|     ap_fifo|    v349_0_2_1|       pointer|
|v349_0_2_1_empty_n         |   in|    1|     ap_fifo|    v349_0_2_1|       pointer|
|v349_0_2_1_read            |  out|    1|     ap_fifo|    v349_0_2_1|       pointer|
|v349_0_3_1_dout            |   in|   32|     ap_fifo|    v349_0_3_1|       pointer|
|v349_0_3_1_num_data_valid  |   in|   11|     ap_fifo|    v349_0_3_1|       pointer|
|v349_0_3_1_fifo_cap        |   in|   11|     ap_fifo|    v349_0_3_1|       pointer|
|v349_0_3_1_empty_n         |   in|    1|     ap_fifo|    v349_0_3_1|       pointer|
|v349_0_3_1_read            |  out|    1|     ap_fifo|    v349_0_3_1|       pointer|
|v349_0_0_2_dout            |   in|   32|     ap_fifo|    v349_0_0_2|       pointer|
|v349_0_0_2_num_data_valid  |   in|   11|     ap_fifo|    v349_0_0_2|       pointer|
|v349_0_0_2_fifo_cap        |   in|   11|     ap_fifo|    v349_0_0_2|       pointer|
|v349_0_0_2_empty_n         |   in|    1|     ap_fifo|    v349_0_0_2|       pointer|
|v349_0_0_2_read            |  out|    1|     ap_fifo|    v349_0_0_2|       pointer|
|v349_0_1_2_dout            |   in|   32|     ap_fifo|    v349_0_1_2|       pointer|
|v349_0_1_2_num_data_valid  |   in|   11|     ap_fifo|    v349_0_1_2|       pointer|
|v349_0_1_2_fifo_cap        |   in|   11|     ap_fifo|    v349_0_1_2|       pointer|
|v349_0_1_2_empty_n         |   in|    1|     ap_fifo|    v349_0_1_2|       pointer|
|v349_0_1_2_read            |  out|    1|     ap_fifo|    v349_0_1_2|       pointer|
|v349_0_2_2_dout            |   in|   32|     ap_fifo|    v349_0_2_2|       pointer|
|v349_0_2_2_num_data_valid  |   in|   11|     ap_fifo|    v349_0_2_2|       pointer|
|v349_0_2_2_fifo_cap        |   in|   11|     ap_fifo|    v349_0_2_2|       pointer|
|v349_0_2_2_empty_n         |   in|    1|     ap_fifo|    v349_0_2_2|       pointer|
|v349_0_2_2_read            |  out|    1|     ap_fifo|    v349_0_2_2|       pointer|
|v349_0_3_2_dout            |   in|   32|     ap_fifo|    v349_0_3_2|       pointer|
|v349_0_3_2_num_data_valid  |   in|   11|     ap_fifo|    v349_0_3_2|       pointer|
|v349_0_3_2_fifo_cap        |   in|   11|     ap_fifo|    v349_0_3_2|       pointer|
|v349_0_3_2_empty_n         |   in|    1|     ap_fifo|    v349_0_3_2|       pointer|
|v349_0_3_2_read            |  out|    1|     ap_fifo|    v349_0_3_2|       pointer|
|v349_0_0_3_dout            |   in|   32|     ap_fifo|    v349_0_0_3|       pointer|
|v349_0_0_3_num_data_valid  |   in|   11|     ap_fifo|    v349_0_0_3|       pointer|
|v349_0_0_3_fifo_cap        |   in|   11|     ap_fifo|    v349_0_0_3|       pointer|
|v349_0_0_3_empty_n         |   in|    1|     ap_fifo|    v349_0_0_3|       pointer|
|v349_0_0_3_read            |  out|    1|     ap_fifo|    v349_0_0_3|       pointer|
|v349_0_1_3_dout            |   in|   32|     ap_fifo|    v349_0_1_3|       pointer|
|v349_0_1_3_num_data_valid  |   in|   11|     ap_fifo|    v349_0_1_3|       pointer|
|v349_0_1_3_fifo_cap        |   in|   11|     ap_fifo|    v349_0_1_3|       pointer|
|v349_0_1_3_empty_n         |   in|    1|     ap_fifo|    v349_0_1_3|       pointer|
|v349_0_1_3_read            |  out|    1|     ap_fifo|    v349_0_1_3|       pointer|
|v349_0_2_3_dout            |   in|   32|     ap_fifo|    v349_0_2_3|       pointer|
|v349_0_2_3_num_data_valid  |   in|   11|     ap_fifo|    v349_0_2_3|       pointer|
|v349_0_2_3_fifo_cap        |   in|   11|     ap_fifo|    v349_0_2_3|       pointer|
|v349_0_2_3_empty_n         |   in|    1|     ap_fifo|    v349_0_2_3|       pointer|
|v349_0_2_3_read            |  out|    1|     ap_fifo|    v349_0_2_3|       pointer|
|v349_0_3_3_dout            |   in|   32|     ap_fifo|    v349_0_3_3|       pointer|
|v349_0_3_3_num_data_valid  |   in|   11|     ap_fifo|    v349_0_3_3|       pointer|
|v349_0_3_3_fifo_cap        |   in|   11|     ap_fifo|    v349_0_3_3|       pointer|
|v349_0_3_3_empty_n         |   in|    1|     ap_fifo|    v349_0_3_3|       pointer|
|v349_0_3_3_read            |  out|    1|     ap_fifo|    v349_0_3_3|       pointer|
|v349_1_0_0_dout            |   in|   32|     ap_fifo|    v349_1_0_0|       pointer|
|v349_1_0_0_num_data_valid  |   in|   11|     ap_fifo|    v349_1_0_0|       pointer|
|v349_1_0_0_fifo_cap        |   in|   11|     ap_fifo|    v349_1_0_0|       pointer|
|v349_1_0_0_empty_n         |   in|    1|     ap_fifo|    v349_1_0_0|       pointer|
|v349_1_0_0_read            |  out|    1|     ap_fifo|    v349_1_0_0|       pointer|
|v349_1_1_0_dout            |   in|   32|     ap_fifo|    v349_1_1_0|       pointer|
|v349_1_1_0_num_data_valid  |   in|   11|     ap_fifo|    v349_1_1_0|       pointer|
|v349_1_1_0_fifo_cap        |   in|   11|     ap_fifo|    v349_1_1_0|       pointer|
|v349_1_1_0_empty_n         |   in|    1|     ap_fifo|    v349_1_1_0|       pointer|
|v349_1_1_0_read            |  out|    1|     ap_fifo|    v349_1_1_0|       pointer|
|v349_1_2_0_dout            |   in|   32|     ap_fifo|    v349_1_2_0|       pointer|
|v349_1_2_0_num_data_valid  |   in|   11|     ap_fifo|    v349_1_2_0|       pointer|
|v349_1_2_0_fifo_cap        |   in|   11|     ap_fifo|    v349_1_2_0|       pointer|
|v349_1_2_0_empty_n         |   in|    1|     ap_fifo|    v349_1_2_0|       pointer|
|v349_1_2_0_read            |  out|    1|     ap_fifo|    v349_1_2_0|       pointer|
|v349_1_3_0_dout            |   in|   32|     ap_fifo|    v349_1_3_0|       pointer|
|v349_1_3_0_num_data_valid  |   in|   11|     ap_fifo|    v349_1_3_0|       pointer|
|v349_1_3_0_fifo_cap        |   in|   11|     ap_fifo|    v349_1_3_0|       pointer|
|v349_1_3_0_empty_n         |   in|    1|     ap_fifo|    v349_1_3_0|       pointer|
|v349_1_3_0_read            |  out|    1|     ap_fifo|    v349_1_3_0|       pointer|
|v349_1_0_1_dout            |   in|   32|     ap_fifo|    v349_1_0_1|       pointer|
|v349_1_0_1_num_data_valid  |   in|   11|     ap_fifo|    v349_1_0_1|       pointer|
|v349_1_0_1_fifo_cap        |   in|   11|     ap_fifo|    v349_1_0_1|       pointer|
|v349_1_0_1_empty_n         |   in|    1|     ap_fifo|    v349_1_0_1|       pointer|
|v349_1_0_1_read            |  out|    1|     ap_fifo|    v349_1_0_1|       pointer|
|v349_1_1_1_dout            |   in|   32|     ap_fifo|    v349_1_1_1|       pointer|
|v349_1_1_1_num_data_valid  |   in|   11|     ap_fifo|    v349_1_1_1|       pointer|
|v349_1_1_1_fifo_cap        |   in|   11|     ap_fifo|    v349_1_1_1|       pointer|
|v349_1_1_1_empty_n         |   in|    1|     ap_fifo|    v349_1_1_1|       pointer|
|v349_1_1_1_read            |  out|    1|     ap_fifo|    v349_1_1_1|       pointer|
|v349_1_2_1_dout            |   in|   32|     ap_fifo|    v349_1_2_1|       pointer|
|v349_1_2_1_num_data_valid  |   in|   11|     ap_fifo|    v349_1_2_1|       pointer|
|v349_1_2_1_fifo_cap        |   in|   11|     ap_fifo|    v349_1_2_1|       pointer|
|v349_1_2_1_empty_n         |   in|    1|     ap_fifo|    v349_1_2_1|       pointer|
|v349_1_2_1_read            |  out|    1|     ap_fifo|    v349_1_2_1|       pointer|
|v349_1_3_1_dout            |   in|   32|     ap_fifo|    v349_1_3_1|       pointer|
|v349_1_3_1_num_data_valid  |   in|   11|     ap_fifo|    v349_1_3_1|       pointer|
|v349_1_3_1_fifo_cap        |   in|   11|     ap_fifo|    v349_1_3_1|       pointer|
|v349_1_3_1_empty_n         |   in|    1|     ap_fifo|    v349_1_3_1|       pointer|
|v349_1_3_1_read            |  out|    1|     ap_fifo|    v349_1_3_1|       pointer|
|v349_1_0_2_dout            |   in|   32|     ap_fifo|    v349_1_0_2|       pointer|
|v349_1_0_2_num_data_valid  |   in|   11|     ap_fifo|    v349_1_0_2|       pointer|
|v349_1_0_2_fifo_cap        |   in|   11|     ap_fifo|    v349_1_0_2|       pointer|
|v349_1_0_2_empty_n         |   in|    1|     ap_fifo|    v349_1_0_2|       pointer|
|v349_1_0_2_read            |  out|    1|     ap_fifo|    v349_1_0_2|       pointer|
|v349_1_1_2_dout            |   in|   32|     ap_fifo|    v349_1_1_2|       pointer|
|v349_1_1_2_num_data_valid  |   in|   11|     ap_fifo|    v349_1_1_2|       pointer|
|v349_1_1_2_fifo_cap        |   in|   11|     ap_fifo|    v349_1_1_2|       pointer|
|v349_1_1_2_empty_n         |   in|    1|     ap_fifo|    v349_1_1_2|       pointer|
|v349_1_1_2_read            |  out|    1|     ap_fifo|    v349_1_1_2|       pointer|
|v349_1_2_2_dout            |   in|   32|     ap_fifo|    v349_1_2_2|       pointer|
|v349_1_2_2_num_data_valid  |   in|   11|     ap_fifo|    v349_1_2_2|       pointer|
|v349_1_2_2_fifo_cap        |   in|   11|     ap_fifo|    v349_1_2_2|       pointer|
|v349_1_2_2_empty_n         |   in|    1|     ap_fifo|    v349_1_2_2|       pointer|
|v349_1_2_2_read            |  out|    1|     ap_fifo|    v349_1_2_2|       pointer|
|v349_1_3_2_dout            |   in|   32|     ap_fifo|    v349_1_3_2|       pointer|
|v349_1_3_2_num_data_valid  |   in|   11|     ap_fifo|    v349_1_3_2|       pointer|
|v349_1_3_2_fifo_cap        |   in|   11|     ap_fifo|    v349_1_3_2|       pointer|
|v349_1_3_2_empty_n         |   in|    1|     ap_fifo|    v349_1_3_2|       pointer|
|v349_1_3_2_read            |  out|    1|     ap_fifo|    v349_1_3_2|       pointer|
|v349_1_0_3_dout            |   in|   32|     ap_fifo|    v349_1_0_3|       pointer|
|v349_1_0_3_num_data_valid  |   in|   11|     ap_fifo|    v349_1_0_3|       pointer|
|v349_1_0_3_fifo_cap        |   in|   11|     ap_fifo|    v349_1_0_3|       pointer|
|v349_1_0_3_empty_n         |   in|    1|     ap_fifo|    v349_1_0_3|       pointer|
|v349_1_0_3_read            |  out|    1|     ap_fifo|    v349_1_0_3|       pointer|
|v349_1_1_3_dout            |   in|   32|     ap_fifo|    v349_1_1_3|       pointer|
|v349_1_1_3_num_data_valid  |   in|   11|     ap_fifo|    v349_1_1_3|       pointer|
|v349_1_1_3_fifo_cap        |   in|   11|     ap_fifo|    v349_1_1_3|       pointer|
|v349_1_1_3_empty_n         |   in|    1|     ap_fifo|    v349_1_1_3|       pointer|
|v349_1_1_3_read            |  out|    1|     ap_fifo|    v349_1_1_3|       pointer|
|v349_1_2_3_dout            |   in|   32|     ap_fifo|    v349_1_2_3|       pointer|
|v349_1_2_3_num_data_valid  |   in|   11|     ap_fifo|    v349_1_2_3|       pointer|
|v349_1_2_3_fifo_cap        |   in|   11|     ap_fifo|    v349_1_2_3|       pointer|
|v349_1_2_3_empty_n         |   in|    1|     ap_fifo|    v349_1_2_3|       pointer|
|v349_1_2_3_read            |  out|    1|     ap_fifo|    v349_1_2_3|       pointer|
|v349_1_3_3_dout            |   in|   32|     ap_fifo|    v349_1_3_3|       pointer|
|v349_1_3_3_num_data_valid  |   in|   11|     ap_fifo|    v349_1_3_3|       pointer|
|v349_1_3_3_fifo_cap        |   in|   11|     ap_fifo|    v349_1_3_3|       pointer|
|v349_1_3_3_empty_n         |   in|    1|     ap_fifo|    v349_1_3_3|       pointer|
|v349_1_3_3_read            |  out|    1|     ap_fifo|    v349_1_3_3|       pointer|
|v347_0_0_0_din             |  out|   32|     ap_fifo|    v347_0_0_0|       pointer|
|v347_0_0_0_num_data_valid  |   in|   11|     ap_fifo|    v347_0_0_0|       pointer|
|v347_0_0_0_fifo_cap        |   in|   11|     ap_fifo|    v347_0_0_0|       pointer|
|v347_0_0_0_full_n          |   in|    1|     ap_fifo|    v347_0_0_0|       pointer|
|v347_0_0_0_write           |  out|    1|     ap_fifo|    v347_0_0_0|       pointer|
|v346_0_0_0_din             |  out|   32|     ap_fifo|    v346_0_0_0|       pointer|
|v346_0_0_0_num_data_valid  |   in|   11|     ap_fifo|    v346_0_0_0|       pointer|
|v346_0_0_0_fifo_cap        |   in|   11|     ap_fifo|    v346_0_0_0|       pointer|
|v346_0_0_0_full_n          |   in|    1|     ap_fifo|    v346_0_0_0|       pointer|
|v346_0_0_0_write           |  out|    1|     ap_fifo|    v346_0_0_0|       pointer|
|v347_0_1_0_din             |  out|   32|     ap_fifo|    v347_0_1_0|       pointer|
|v347_0_1_0_num_data_valid  |   in|   11|     ap_fifo|    v347_0_1_0|       pointer|
|v347_0_1_0_fifo_cap        |   in|   11|     ap_fifo|    v347_0_1_0|       pointer|
|v347_0_1_0_full_n          |   in|    1|     ap_fifo|    v347_0_1_0|       pointer|
|v347_0_1_0_write           |  out|    1|     ap_fifo|    v347_0_1_0|       pointer|
|v346_0_1_0_din             |  out|   32|     ap_fifo|    v346_0_1_0|       pointer|
|v346_0_1_0_num_data_valid  |   in|   11|     ap_fifo|    v346_0_1_0|       pointer|
|v346_0_1_0_fifo_cap        |   in|   11|     ap_fifo|    v346_0_1_0|       pointer|
|v346_0_1_0_full_n          |   in|    1|     ap_fifo|    v346_0_1_0|       pointer|
|v346_0_1_0_write           |  out|    1|     ap_fifo|    v346_0_1_0|       pointer|
|v347_0_2_0_din             |  out|   32|     ap_fifo|    v347_0_2_0|       pointer|
|v347_0_2_0_num_data_valid  |   in|   11|     ap_fifo|    v347_0_2_0|       pointer|
|v347_0_2_0_fifo_cap        |   in|   11|     ap_fifo|    v347_0_2_0|       pointer|
|v347_0_2_0_full_n          |   in|    1|     ap_fifo|    v347_0_2_0|       pointer|
|v347_0_2_0_write           |  out|    1|     ap_fifo|    v347_0_2_0|       pointer|
|v346_0_2_0_din             |  out|   32|     ap_fifo|    v346_0_2_0|       pointer|
|v346_0_2_0_num_data_valid  |   in|   11|     ap_fifo|    v346_0_2_0|       pointer|
|v346_0_2_0_fifo_cap        |   in|   11|     ap_fifo|    v346_0_2_0|       pointer|
|v346_0_2_0_full_n          |   in|    1|     ap_fifo|    v346_0_2_0|       pointer|
|v346_0_2_0_write           |  out|    1|     ap_fifo|    v346_0_2_0|       pointer|
|v347_0_3_0_din             |  out|   32|     ap_fifo|    v347_0_3_0|       pointer|
|v347_0_3_0_num_data_valid  |   in|   11|     ap_fifo|    v347_0_3_0|       pointer|
|v347_0_3_0_fifo_cap        |   in|   11|     ap_fifo|    v347_0_3_0|       pointer|
|v347_0_3_0_full_n          |   in|    1|     ap_fifo|    v347_0_3_0|       pointer|
|v347_0_3_0_write           |  out|    1|     ap_fifo|    v347_0_3_0|       pointer|
|v346_0_3_0_din             |  out|   32|     ap_fifo|    v346_0_3_0|       pointer|
|v346_0_3_0_num_data_valid  |   in|   11|     ap_fifo|    v346_0_3_0|       pointer|
|v346_0_3_0_fifo_cap        |   in|   11|     ap_fifo|    v346_0_3_0|       pointer|
|v346_0_3_0_full_n          |   in|    1|     ap_fifo|    v346_0_3_0|       pointer|
|v346_0_3_0_write           |  out|    1|     ap_fifo|    v346_0_3_0|       pointer|
|v347_0_0_1_din             |  out|   32|     ap_fifo|    v347_0_0_1|       pointer|
|v347_0_0_1_num_data_valid  |   in|   11|     ap_fifo|    v347_0_0_1|       pointer|
|v347_0_0_1_fifo_cap        |   in|   11|     ap_fifo|    v347_0_0_1|       pointer|
|v347_0_0_1_full_n          |   in|    1|     ap_fifo|    v347_0_0_1|       pointer|
|v347_0_0_1_write           |  out|    1|     ap_fifo|    v347_0_0_1|       pointer|
|v346_0_0_1_din             |  out|   32|     ap_fifo|    v346_0_0_1|       pointer|
|v346_0_0_1_num_data_valid  |   in|   11|     ap_fifo|    v346_0_0_1|       pointer|
|v346_0_0_1_fifo_cap        |   in|   11|     ap_fifo|    v346_0_0_1|       pointer|
|v346_0_0_1_full_n          |   in|    1|     ap_fifo|    v346_0_0_1|       pointer|
|v346_0_0_1_write           |  out|    1|     ap_fifo|    v346_0_0_1|       pointer|
|v347_0_1_1_din             |  out|   32|     ap_fifo|    v347_0_1_1|       pointer|
|v347_0_1_1_num_data_valid  |   in|   11|     ap_fifo|    v347_0_1_1|       pointer|
|v347_0_1_1_fifo_cap        |   in|   11|     ap_fifo|    v347_0_1_1|       pointer|
|v347_0_1_1_full_n          |   in|    1|     ap_fifo|    v347_0_1_1|       pointer|
|v347_0_1_1_write           |  out|    1|     ap_fifo|    v347_0_1_1|       pointer|
|v346_0_1_1_din             |  out|   32|     ap_fifo|    v346_0_1_1|       pointer|
|v346_0_1_1_num_data_valid  |   in|   11|     ap_fifo|    v346_0_1_1|       pointer|
|v346_0_1_1_fifo_cap        |   in|   11|     ap_fifo|    v346_0_1_1|       pointer|
|v346_0_1_1_full_n          |   in|    1|     ap_fifo|    v346_0_1_1|       pointer|
|v346_0_1_1_write           |  out|    1|     ap_fifo|    v346_0_1_1|       pointer|
|v347_0_2_1_din             |  out|   32|     ap_fifo|    v347_0_2_1|       pointer|
|v347_0_2_1_num_data_valid  |   in|   11|     ap_fifo|    v347_0_2_1|       pointer|
|v347_0_2_1_fifo_cap        |   in|   11|     ap_fifo|    v347_0_2_1|       pointer|
|v347_0_2_1_full_n          |   in|    1|     ap_fifo|    v347_0_2_1|       pointer|
|v347_0_2_1_write           |  out|    1|     ap_fifo|    v347_0_2_1|       pointer|
|v346_0_2_1_din             |  out|   32|     ap_fifo|    v346_0_2_1|       pointer|
|v346_0_2_1_num_data_valid  |   in|   11|     ap_fifo|    v346_0_2_1|       pointer|
|v346_0_2_1_fifo_cap        |   in|   11|     ap_fifo|    v346_0_2_1|       pointer|
|v346_0_2_1_full_n          |   in|    1|     ap_fifo|    v346_0_2_1|       pointer|
|v346_0_2_1_write           |  out|    1|     ap_fifo|    v346_0_2_1|       pointer|
|v347_0_3_1_din             |  out|   32|     ap_fifo|    v347_0_3_1|       pointer|
|v347_0_3_1_num_data_valid  |   in|   11|     ap_fifo|    v347_0_3_1|       pointer|
|v347_0_3_1_fifo_cap        |   in|   11|     ap_fifo|    v347_0_3_1|       pointer|
|v347_0_3_1_full_n          |   in|    1|     ap_fifo|    v347_0_3_1|       pointer|
|v347_0_3_1_write           |  out|    1|     ap_fifo|    v347_0_3_1|       pointer|
|v346_0_3_1_din             |  out|   32|     ap_fifo|    v346_0_3_1|       pointer|
|v346_0_3_1_num_data_valid  |   in|   11|     ap_fifo|    v346_0_3_1|       pointer|
|v346_0_3_1_fifo_cap        |   in|   11|     ap_fifo|    v346_0_3_1|       pointer|
|v346_0_3_1_full_n          |   in|    1|     ap_fifo|    v346_0_3_1|       pointer|
|v346_0_3_1_write           |  out|    1|     ap_fifo|    v346_0_3_1|       pointer|
|v347_0_0_2_din             |  out|   32|     ap_fifo|    v347_0_0_2|       pointer|
|v347_0_0_2_num_data_valid  |   in|   11|     ap_fifo|    v347_0_0_2|       pointer|
|v347_0_0_2_fifo_cap        |   in|   11|     ap_fifo|    v347_0_0_2|       pointer|
|v347_0_0_2_full_n          |   in|    1|     ap_fifo|    v347_0_0_2|       pointer|
|v347_0_0_2_write           |  out|    1|     ap_fifo|    v347_0_0_2|       pointer|
|v346_0_0_2_din             |  out|   32|     ap_fifo|    v346_0_0_2|       pointer|
|v346_0_0_2_num_data_valid  |   in|   11|     ap_fifo|    v346_0_0_2|       pointer|
|v346_0_0_2_fifo_cap        |   in|   11|     ap_fifo|    v346_0_0_2|       pointer|
|v346_0_0_2_full_n          |   in|    1|     ap_fifo|    v346_0_0_2|       pointer|
|v346_0_0_2_write           |  out|    1|     ap_fifo|    v346_0_0_2|       pointer|
|v347_0_1_2_din             |  out|   32|     ap_fifo|    v347_0_1_2|       pointer|
|v347_0_1_2_num_data_valid  |   in|   11|     ap_fifo|    v347_0_1_2|       pointer|
|v347_0_1_2_fifo_cap        |   in|   11|     ap_fifo|    v347_0_1_2|       pointer|
|v347_0_1_2_full_n          |   in|    1|     ap_fifo|    v347_0_1_2|       pointer|
|v347_0_1_2_write           |  out|    1|     ap_fifo|    v347_0_1_2|       pointer|
|v346_0_1_2_din             |  out|   32|     ap_fifo|    v346_0_1_2|       pointer|
|v346_0_1_2_num_data_valid  |   in|   11|     ap_fifo|    v346_0_1_2|       pointer|
|v346_0_1_2_fifo_cap        |   in|   11|     ap_fifo|    v346_0_1_2|       pointer|
|v346_0_1_2_full_n          |   in|    1|     ap_fifo|    v346_0_1_2|       pointer|
|v346_0_1_2_write           |  out|    1|     ap_fifo|    v346_0_1_2|       pointer|
|v347_0_2_2_din             |  out|   32|     ap_fifo|    v347_0_2_2|       pointer|
|v347_0_2_2_num_data_valid  |   in|   11|     ap_fifo|    v347_0_2_2|       pointer|
|v347_0_2_2_fifo_cap        |   in|   11|     ap_fifo|    v347_0_2_2|       pointer|
|v347_0_2_2_full_n          |   in|    1|     ap_fifo|    v347_0_2_2|       pointer|
|v347_0_2_2_write           |  out|    1|     ap_fifo|    v347_0_2_2|       pointer|
|v346_0_2_2_din             |  out|   32|     ap_fifo|    v346_0_2_2|       pointer|
|v346_0_2_2_num_data_valid  |   in|   11|     ap_fifo|    v346_0_2_2|       pointer|
|v346_0_2_2_fifo_cap        |   in|   11|     ap_fifo|    v346_0_2_2|       pointer|
|v346_0_2_2_full_n          |   in|    1|     ap_fifo|    v346_0_2_2|       pointer|
|v346_0_2_2_write           |  out|    1|     ap_fifo|    v346_0_2_2|       pointer|
|v347_0_3_2_din             |  out|   32|     ap_fifo|    v347_0_3_2|       pointer|
|v347_0_3_2_num_data_valid  |   in|   11|     ap_fifo|    v347_0_3_2|       pointer|
|v347_0_3_2_fifo_cap        |   in|   11|     ap_fifo|    v347_0_3_2|       pointer|
|v347_0_3_2_full_n          |   in|    1|     ap_fifo|    v347_0_3_2|       pointer|
|v347_0_3_2_write           |  out|    1|     ap_fifo|    v347_0_3_2|       pointer|
|v346_0_3_2_din             |  out|   32|     ap_fifo|    v346_0_3_2|       pointer|
|v346_0_3_2_num_data_valid  |   in|   11|     ap_fifo|    v346_0_3_2|       pointer|
|v346_0_3_2_fifo_cap        |   in|   11|     ap_fifo|    v346_0_3_2|       pointer|
|v346_0_3_2_full_n          |   in|    1|     ap_fifo|    v346_0_3_2|       pointer|
|v346_0_3_2_write           |  out|    1|     ap_fifo|    v346_0_3_2|       pointer|
|v347_0_0_3_din             |  out|   32|     ap_fifo|    v347_0_0_3|       pointer|
|v347_0_0_3_num_data_valid  |   in|   11|     ap_fifo|    v347_0_0_3|       pointer|
|v347_0_0_3_fifo_cap        |   in|   11|     ap_fifo|    v347_0_0_3|       pointer|
|v347_0_0_3_full_n          |   in|    1|     ap_fifo|    v347_0_0_3|       pointer|
|v347_0_0_3_write           |  out|    1|     ap_fifo|    v347_0_0_3|       pointer|
|v346_0_0_3_din             |  out|   32|     ap_fifo|    v346_0_0_3|       pointer|
|v346_0_0_3_num_data_valid  |   in|   11|     ap_fifo|    v346_0_0_3|       pointer|
|v346_0_0_3_fifo_cap        |   in|   11|     ap_fifo|    v346_0_0_3|       pointer|
|v346_0_0_3_full_n          |   in|    1|     ap_fifo|    v346_0_0_3|       pointer|
|v346_0_0_3_write           |  out|    1|     ap_fifo|    v346_0_0_3|       pointer|
|v347_0_1_3_din             |  out|   32|     ap_fifo|    v347_0_1_3|       pointer|
|v347_0_1_3_num_data_valid  |   in|   11|     ap_fifo|    v347_0_1_3|       pointer|
|v347_0_1_3_fifo_cap        |   in|   11|     ap_fifo|    v347_0_1_3|       pointer|
|v347_0_1_3_full_n          |   in|    1|     ap_fifo|    v347_0_1_3|       pointer|
|v347_0_1_3_write           |  out|    1|     ap_fifo|    v347_0_1_3|       pointer|
|v346_0_1_3_din             |  out|   32|     ap_fifo|    v346_0_1_3|       pointer|
|v346_0_1_3_num_data_valid  |   in|   11|     ap_fifo|    v346_0_1_3|       pointer|
|v346_0_1_3_fifo_cap        |   in|   11|     ap_fifo|    v346_0_1_3|       pointer|
|v346_0_1_3_full_n          |   in|    1|     ap_fifo|    v346_0_1_3|       pointer|
|v346_0_1_3_write           |  out|    1|     ap_fifo|    v346_0_1_3|       pointer|
|v347_0_2_3_din             |  out|   32|     ap_fifo|    v347_0_2_3|       pointer|
|v347_0_2_3_num_data_valid  |   in|   11|     ap_fifo|    v347_0_2_3|       pointer|
|v347_0_2_3_fifo_cap        |   in|   11|     ap_fifo|    v347_0_2_3|       pointer|
|v347_0_2_3_full_n          |   in|    1|     ap_fifo|    v347_0_2_3|       pointer|
|v347_0_2_3_write           |  out|    1|     ap_fifo|    v347_0_2_3|       pointer|
|v346_0_2_3_din             |  out|   32|     ap_fifo|    v346_0_2_3|       pointer|
|v346_0_2_3_num_data_valid  |   in|   11|     ap_fifo|    v346_0_2_3|       pointer|
|v346_0_2_3_fifo_cap        |   in|   11|     ap_fifo|    v346_0_2_3|       pointer|
|v346_0_2_3_full_n          |   in|    1|     ap_fifo|    v346_0_2_3|       pointer|
|v346_0_2_3_write           |  out|    1|     ap_fifo|    v346_0_2_3|       pointer|
|v347_0_3_3_din             |  out|   32|     ap_fifo|    v347_0_3_3|       pointer|
|v347_0_3_3_num_data_valid  |   in|   11|     ap_fifo|    v347_0_3_3|       pointer|
|v347_0_3_3_fifo_cap        |   in|   11|     ap_fifo|    v347_0_3_3|       pointer|
|v347_0_3_3_full_n          |   in|    1|     ap_fifo|    v347_0_3_3|       pointer|
|v347_0_3_3_write           |  out|    1|     ap_fifo|    v347_0_3_3|       pointer|
|v346_0_3_3_din             |  out|   32|     ap_fifo|    v346_0_3_3|       pointer|
|v346_0_3_3_num_data_valid  |   in|   11|     ap_fifo|    v346_0_3_3|       pointer|
|v346_0_3_3_fifo_cap        |   in|   11|     ap_fifo|    v346_0_3_3|       pointer|
|v346_0_3_3_full_n          |   in|    1|     ap_fifo|    v346_0_3_3|       pointer|
|v346_0_3_3_write           |  out|    1|     ap_fifo|    v346_0_3_3|       pointer|
|v347_1_0_0_din             |  out|   32|     ap_fifo|    v347_1_0_0|       pointer|
|v347_1_0_0_num_data_valid  |   in|   11|     ap_fifo|    v347_1_0_0|       pointer|
|v347_1_0_0_fifo_cap        |   in|   11|     ap_fifo|    v347_1_0_0|       pointer|
|v347_1_0_0_full_n          |   in|    1|     ap_fifo|    v347_1_0_0|       pointer|
|v347_1_0_0_write           |  out|    1|     ap_fifo|    v347_1_0_0|       pointer|
|v346_1_0_0_din             |  out|   32|     ap_fifo|    v346_1_0_0|       pointer|
|v346_1_0_0_num_data_valid  |   in|   11|     ap_fifo|    v346_1_0_0|       pointer|
|v346_1_0_0_fifo_cap        |   in|   11|     ap_fifo|    v346_1_0_0|       pointer|
|v346_1_0_0_full_n          |   in|    1|     ap_fifo|    v346_1_0_0|       pointer|
|v346_1_0_0_write           |  out|    1|     ap_fifo|    v346_1_0_0|       pointer|
|v347_1_1_0_din             |  out|   32|     ap_fifo|    v347_1_1_0|       pointer|
|v347_1_1_0_num_data_valid  |   in|   11|     ap_fifo|    v347_1_1_0|       pointer|
|v347_1_1_0_fifo_cap        |   in|   11|     ap_fifo|    v347_1_1_0|       pointer|
|v347_1_1_0_full_n          |   in|    1|     ap_fifo|    v347_1_1_0|       pointer|
|v347_1_1_0_write           |  out|    1|     ap_fifo|    v347_1_1_0|       pointer|
|v346_1_1_0_din             |  out|   32|     ap_fifo|    v346_1_1_0|       pointer|
|v346_1_1_0_num_data_valid  |   in|   11|     ap_fifo|    v346_1_1_0|       pointer|
|v346_1_1_0_fifo_cap        |   in|   11|     ap_fifo|    v346_1_1_0|       pointer|
|v346_1_1_0_full_n          |   in|    1|     ap_fifo|    v346_1_1_0|       pointer|
|v346_1_1_0_write           |  out|    1|     ap_fifo|    v346_1_1_0|       pointer|
|v347_1_2_0_din             |  out|   32|     ap_fifo|    v347_1_2_0|       pointer|
|v347_1_2_0_num_data_valid  |   in|   11|     ap_fifo|    v347_1_2_0|       pointer|
|v347_1_2_0_fifo_cap        |   in|   11|     ap_fifo|    v347_1_2_0|       pointer|
|v347_1_2_0_full_n          |   in|    1|     ap_fifo|    v347_1_2_0|       pointer|
|v347_1_2_0_write           |  out|    1|     ap_fifo|    v347_1_2_0|       pointer|
|v346_1_2_0_din             |  out|   32|     ap_fifo|    v346_1_2_0|       pointer|
|v346_1_2_0_num_data_valid  |   in|   11|     ap_fifo|    v346_1_2_0|       pointer|
|v346_1_2_0_fifo_cap        |   in|   11|     ap_fifo|    v346_1_2_0|       pointer|
|v346_1_2_0_full_n          |   in|    1|     ap_fifo|    v346_1_2_0|       pointer|
|v346_1_2_0_write           |  out|    1|     ap_fifo|    v346_1_2_0|       pointer|
|v347_1_3_0_din             |  out|   32|     ap_fifo|    v347_1_3_0|       pointer|
|v347_1_3_0_num_data_valid  |   in|   11|     ap_fifo|    v347_1_3_0|       pointer|
|v347_1_3_0_fifo_cap        |   in|   11|     ap_fifo|    v347_1_3_0|       pointer|
|v347_1_3_0_full_n          |   in|    1|     ap_fifo|    v347_1_3_0|       pointer|
|v347_1_3_0_write           |  out|    1|     ap_fifo|    v347_1_3_0|       pointer|
|v346_1_3_0_din             |  out|   32|     ap_fifo|    v346_1_3_0|       pointer|
|v346_1_3_0_num_data_valid  |   in|   11|     ap_fifo|    v346_1_3_0|       pointer|
|v346_1_3_0_fifo_cap        |   in|   11|     ap_fifo|    v346_1_3_0|       pointer|
|v346_1_3_0_full_n          |   in|    1|     ap_fifo|    v346_1_3_0|       pointer|
|v346_1_3_0_write           |  out|    1|     ap_fifo|    v346_1_3_0|       pointer|
|v347_1_0_1_din             |  out|   32|     ap_fifo|    v347_1_0_1|       pointer|
|v347_1_0_1_num_data_valid  |   in|   11|     ap_fifo|    v347_1_0_1|       pointer|
|v347_1_0_1_fifo_cap        |   in|   11|     ap_fifo|    v347_1_0_1|       pointer|
|v347_1_0_1_full_n          |   in|    1|     ap_fifo|    v347_1_0_1|       pointer|
|v347_1_0_1_write           |  out|    1|     ap_fifo|    v347_1_0_1|       pointer|
|v346_1_0_1_din             |  out|   32|     ap_fifo|    v346_1_0_1|       pointer|
|v346_1_0_1_num_data_valid  |   in|   11|     ap_fifo|    v346_1_0_1|       pointer|
|v346_1_0_1_fifo_cap        |   in|   11|     ap_fifo|    v346_1_0_1|       pointer|
|v346_1_0_1_full_n          |   in|    1|     ap_fifo|    v346_1_0_1|       pointer|
|v346_1_0_1_write           |  out|    1|     ap_fifo|    v346_1_0_1|       pointer|
|v347_1_1_1_din             |  out|   32|     ap_fifo|    v347_1_1_1|       pointer|
|v347_1_1_1_num_data_valid  |   in|   11|     ap_fifo|    v347_1_1_1|       pointer|
|v347_1_1_1_fifo_cap        |   in|   11|     ap_fifo|    v347_1_1_1|       pointer|
|v347_1_1_1_full_n          |   in|    1|     ap_fifo|    v347_1_1_1|       pointer|
|v347_1_1_1_write           |  out|    1|     ap_fifo|    v347_1_1_1|       pointer|
|v346_1_1_1_din             |  out|   32|     ap_fifo|    v346_1_1_1|       pointer|
|v346_1_1_1_num_data_valid  |   in|   11|     ap_fifo|    v346_1_1_1|       pointer|
|v346_1_1_1_fifo_cap        |   in|   11|     ap_fifo|    v346_1_1_1|       pointer|
|v346_1_1_1_full_n          |   in|    1|     ap_fifo|    v346_1_1_1|       pointer|
|v346_1_1_1_write           |  out|    1|     ap_fifo|    v346_1_1_1|       pointer|
|v347_1_2_1_din             |  out|   32|     ap_fifo|    v347_1_2_1|       pointer|
|v347_1_2_1_num_data_valid  |   in|   11|     ap_fifo|    v347_1_2_1|       pointer|
|v347_1_2_1_fifo_cap        |   in|   11|     ap_fifo|    v347_1_2_1|       pointer|
|v347_1_2_1_full_n          |   in|    1|     ap_fifo|    v347_1_2_1|       pointer|
|v347_1_2_1_write           |  out|    1|     ap_fifo|    v347_1_2_1|       pointer|
|v346_1_2_1_din             |  out|   32|     ap_fifo|    v346_1_2_1|       pointer|
|v346_1_2_1_num_data_valid  |   in|   11|     ap_fifo|    v346_1_2_1|       pointer|
|v346_1_2_1_fifo_cap        |   in|   11|     ap_fifo|    v346_1_2_1|       pointer|
|v346_1_2_1_full_n          |   in|    1|     ap_fifo|    v346_1_2_1|       pointer|
|v346_1_2_1_write           |  out|    1|     ap_fifo|    v346_1_2_1|       pointer|
|v347_1_3_1_din             |  out|   32|     ap_fifo|    v347_1_3_1|       pointer|
|v347_1_3_1_num_data_valid  |   in|   11|     ap_fifo|    v347_1_3_1|       pointer|
|v347_1_3_1_fifo_cap        |   in|   11|     ap_fifo|    v347_1_3_1|       pointer|
|v347_1_3_1_full_n          |   in|    1|     ap_fifo|    v347_1_3_1|       pointer|
|v347_1_3_1_write           |  out|    1|     ap_fifo|    v347_1_3_1|       pointer|
|v346_1_3_1_din             |  out|   32|     ap_fifo|    v346_1_3_1|       pointer|
|v346_1_3_1_num_data_valid  |   in|   11|     ap_fifo|    v346_1_3_1|       pointer|
|v346_1_3_1_fifo_cap        |   in|   11|     ap_fifo|    v346_1_3_1|       pointer|
|v346_1_3_1_full_n          |   in|    1|     ap_fifo|    v346_1_3_1|       pointer|
|v346_1_3_1_write           |  out|    1|     ap_fifo|    v346_1_3_1|       pointer|
|v347_1_0_2_din             |  out|   32|     ap_fifo|    v347_1_0_2|       pointer|
|v347_1_0_2_num_data_valid  |   in|   11|     ap_fifo|    v347_1_0_2|       pointer|
|v347_1_0_2_fifo_cap        |   in|   11|     ap_fifo|    v347_1_0_2|       pointer|
|v347_1_0_2_full_n          |   in|    1|     ap_fifo|    v347_1_0_2|       pointer|
|v347_1_0_2_write           |  out|    1|     ap_fifo|    v347_1_0_2|       pointer|
|v346_1_0_2_din             |  out|   32|     ap_fifo|    v346_1_0_2|       pointer|
|v346_1_0_2_num_data_valid  |   in|   11|     ap_fifo|    v346_1_0_2|       pointer|
|v346_1_0_2_fifo_cap        |   in|   11|     ap_fifo|    v346_1_0_2|       pointer|
|v346_1_0_2_full_n          |   in|    1|     ap_fifo|    v346_1_0_2|       pointer|
|v346_1_0_2_write           |  out|    1|     ap_fifo|    v346_1_0_2|       pointer|
|v347_1_1_2_din             |  out|   32|     ap_fifo|    v347_1_1_2|       pointer|
|v347_1_1_2_num_data_valid  |   in|   11|     ap_fifo|    v347_1_1_2|       pointer|
|v347_1_1_2_fifo_cap        |   in|   11|     ap_fifo|    v347_1_1_2|       pointer|
|v347_1_1_2_full_n          |   in|    1|     ap_fifo|    v347_1_1_2|       pointer|
|v347_1_1_2_write           |  out|    1|     ap_fifo|    v347_1_1_2|       pointer|
|v346_1_1_2_din             |  out|   32|     ap_fifo|    v346_1_1_2|       pointer|
|v346_1_1_2_num_data_valid  |   in|   11|     ap_fifo|    v346_1_1_2|       pointer|
|v346_1_1_2_fifo_cap        |   in|   11|     ap_fifo|    v346_1_1_2|       pointer|
|v346_1_1_2_full_n          |   in|    1|     ap_fifo|    v346_1_1_2|       pointer|
|v346_1_1_2_write           |  out|    1|     ap_fifo|    v346_1_1_2|       pointer|
|v347_1_2_2_din             |  out|   32|     ap_fifo|    v347_1_2_2|       pointer|
|v347_1_2_2_num_data_valid  |   in|   11|     ap_fifo|    v347_1_2_2|       pointer|
|v347_1_2_2_fifo_cap        |   in|   11|     ap_fifo|    v347_1_2_2|       pointer|
|v347_1_2_2_full_n          |   in|    1|     ap_fifo|    v347_1_2_2|       pointer|
|v347_1_2_2_write           |  out|    1|     ap_fifo|    v347_1_2_2|       pointer|
|v346_1_2_2_din             |  out|   32|     ap_fifo|    v346_1_2_2|       pointer|
|v346_1_2_2_num_data_valid  |   in|   11|     ap_fifo|    v346_1_2_2|       pointer|
|v346_1_2_2_fifo_cap        |   in|   11|     ap_fifo|    v346_1_2_2|       pointer|
|v346_1_2_2_full_n          |   in|    1|     ap_fifo|    v346_1_2_2|       pointer|
|v346_1_2_2_write           |  out|    1|     ap_fifo|    v346_1_2_2|       pointer|
|v347_1_3_2_din             |  out|   32|     ap_fifo|    v347_1_3_2|       pointer|
|v347_1_3_2_num_data_valid  |   in|   11|     ap_fifo|    v347_1_3_2|       pointer|
|v347_1_3_2_fifo_cap        |   in|   11|     ap_fifo|    v347_1_3_2|       pointer|
|v347_1_3_2_full_n          |   in|    1|     ap_fifo|    v347_1_3_2|       pointer|
|v347_1_3_2_write           |  out|    1|     ap_fifo|    v347_1_3_2|       pointer|
|v346_1_3_2_din             |  out|   32|     ap_fifo|    v346_1_3_2|       pointer|
|v346_1_3_2_num_data_valid  |   in|   11|     ap_fifo|    v346_1_3_2|       pointer|
|v346_1_3_2_fifo_cap        |   in|   11|     ap_fifo|    v346_1_3_2|       pointer|
|v346_1_3_2_full_n          |   in|    1|     ap_fifo|    v346_1_3_2|       pointer|
|v346_1_3_2_write           |  out|    1|     ap_fifo|    v346_1_3_2|       pointer|
|v347_1_0_3_din             |  out|   32|     ap_fifo|    v347_1_0_3|       pointer|
|v347_1_0_3_num_data_valid  |   in|   11|     ap_fifo|    v347_1_0_3|       pointer|
|v347_1_0_3_fifo_cap        |   in|   11|     ap_fifo|    v347_1_0_3|       pointer|
|v347_1_0_3_full_n          |   in|    1|     ap_fifo|    v347_1_0_3|       pointer|
|v347_1_0_3_write           |  out|    1|     ap_fifo|    v347_1_0_3|       pointer|
|v346_1_0_3_din             |  out|   32|     ap_fifo|    v346_1_0_3|       pointer|
|v346_1_0_3_num_data_valid  |   in|   11|     ap_fifo|    v346_1_0_3|       pointer|
|v346_1_0_3_fifo_cap        |   in|   11|     ap_fifo|    v346_1_0_3|       pointer|
|v346_1_0_3_full_n          |   in|    1|     ap_fifo|    v346_1_0_3|       pointer|
|v346_1_0_3_write           |  out|    1|     ap_fifo|    v346_1_0_3|       pointer|
|v347_1_1_3_din             |  out|   32|     ap_fifo|    v347_1_1_3|       pointer|
|v347_1_1_3_num_data_valid  |   in|   11|     ap_fifo|    v347_1_1_3|       pointer|
|v347_1_1_3_fifo_cap        |   in|   11|     ap_fifo|    v347_1_1_3|       pointer|
|v347_1_1_3_full_n          |   in|    1|     ap_fifo|    v347_1_1_3|       pointer|
|v347_1_1_3_write           |  out|    1|     ap_fifo|    v347_1_1_3|       pointer|
|v346_1_1_3_din             |  out|   32|     ap_fifo|    v346_1_1_3|       pointer|
|v346_1_1_3_num_data_valid  |   in|   11|     ap_fifo|    v346_1_1_3|       pointer|
|v346_1_1_3_fifo_cap        |   in|   11|     ap_fifo|    v346_1_1_3|       pointer|
|v346_1_1_3_full_n          |   in|    1|     ap_fifo|    v346_1_1_3|       pointer|
|v346_1_1_3_write           |  out|    1|     ap_fifo|    v346_1_1_3|       pointer|
|v347_1_2_3_din             |  out|   32|     ap_fifo|    v347_1_2_3|       pointer|
|v347_1_2_3_num_data_valid  |   in|   11|     ap_fifo|    v347_1_2_3|       pointer|
|v347_1_2_3_fifo_cap        |   in|   11|     ap_fifo|    v347_1_2_3|       pointer|
|v347_1_2_3_full_n          |   in|    1|     ap_fifo|    v347_1_2_3|       pointer|
|v347_1_2_3_write           |  out|    1|     ap_fifo|    v347_1_2_3|       pointer|
|v346_1_2_3_din             |  out|   32|     ap_fifo|    v346_1_2_3|       pointer|
|v346_1_2_3_num_data_valid  |   in|   11|     ap_fifo|    v346_1_2_3|       pointer|
|v346_1_2_3_fifo_cap        |   in|   11|     ap_fifo|    v346_1_2_3|       pointer|
|v346_1_2_3_full_n          |   in|    1|     ap_fifo|    v346_1_2_3|       pointer|
|v346_1_2_3_write           |  out|    1|     ap_fifo|    v346_1_2_3|       pointer|
|v347_1_3_3_din             |  out|   32|     ap_fifo|    v347_1_3_3|       pointer|
|v347_1_3_3_num_data_valid  |   in|   11|     ap_fifo|    v347_1_3_3|       pointer|
|v347_1_3_3_fifo_cap        |   in|   11|     ap_fifo|    v347_1_3_3|       pointer|
|v347_1_3_3_full_n          |   in|    1|     ap_fifo|    v347_1_3_3|       pointer|
|v347_1_3_3_write           |  out|    1|     ap_fifo|    v347_1_3_3|       pointer|
|v346_1_3_3_din             |  out|   32|     ap_fifo|    v346_1_3_3|       pointer|
|v346_1_3_3_num_data_valid  |   in|   11|     ap_fifo|    v346_1_3_3|       pointer|
|v346_1_3_3_fifo_cap        |   in|   11|     ap_fifo|    v346_1_3_3|       pointer|
|v346_1_3_3_full_n          |   in|    1|     ap_fifo|    v346_1_3_3|       pointer|
|v346_1_3_3_write           |  out|    1|     ap_fifo|    v346_1_3_3|       pointer|
+---------------------------+-----+-----+------------+--------------+--------------+

