

================================================================
== Vitis HLS Report for 'kernel'
================================================================
* Date:           Fri Sep 20 17:09:46 2024

* Version:        2023.2 (Build 4023990 on Oct 11 2023)
* Project:        gesummv.prj
* Solution:       solution1 (Vivado IP Flow Target)
* Product family: virtexuplusHBM
* Target device:  xcu280-fsvh2892-2L-e


================================================================
== Performance Estimates
================================================================
+ Timing: 
    * Summary: 
    +--------+---------+----------+------------+
    |  Clock |  Target | Estimated| Uncertainty|
    +--------+---------+----------+------------+
    |ap_clk  |  3.33 ns|  2.591 ns|     0.90 ns|
    +--------+---------+----------+------------+

+ Latency: 
    * Summary: 
    +---------+---------+----------+----------+--------+--------+---------+
    |  Latency (cycles) |  Latency (absolute) |     Interval    | Pipeline|
    |   min   |   max   |    min   |    max   |   min  |   max  |   Type  |
    +---------+---------+----------+----------+--------+--------+---------+
    |   500022|   500022|  1.665 ms|  1.665 ms|  500023|  500023|       no|
    +---------+---------+----------+----------+--------+--------+---------+

    + Detail: 
        * Instance: 
        N/A

        * Loop: 
        +-----------------------------------+---------+---------+----------+-----------+-----------+-------+----------+
        |                                   |  Latency (cycles) | Iteration|  Initiation Interval  |  Trip |          |
        |             Loop Name             |   min   |   max   |  Latency |  achieved |   target  | Count | Pipelined|
        +-----------------------------------+---------+---------+----------+-----------+-----------+-------+----------+
        |- VITIS_LOOP_27_1_VITIS_LOOP_31_2  |   500020|   500020|        29|          8|          1|  62500|       yes|
        +-----------------------------------+---------+---------+----------+-----------+-----------+-------+----------+



================================================================
== Utilization Estimates
================================================================
* Summary: 
+---------------------+---------+------+---------+---------+-----+
|         Name        | BRAM_18K|  DSP |    FF   |   LUT   | URAM|
+---------------------+---------+------+---------+---------+-----+
|DSP                  |        -|     1|        -|        -|    -|
|Expression           |        -|     -|        0|      194|    -|
|FIFO                 |        -|     -|        -|        -|    -|
|Instance             |        -|     5|      461|      276|    -|
|Memory               |        -|     -|        -|        -|    -|
|Multiplexer          |        -|     -|        -|      285|    -|
|Register             |        -|     -|      891|      128|    -|
+---------------------+---------+------+---------+---------+-----+
|Total                |        0|     6|     1352|      883|    0|
+---------------------+---------+------+---------+---------+-----+
|Available SLR        |     1344|  3008|   869120|   434560|  320|
+---------------------+---------+------+---------+---------+-----+
|Utilization SLR (%)  |        0|    ~0|       ~0|       ~0|    0|
+---------------------+---------+------+---------+---------+-----+
|Available            |     4032|  9024|  2607360|  1303680|  960|
+---------------------+---------+------+---------+---------+-----+
|Utilization (%)      |        0|    ~0|       ~0|       ~0|    0|
+---------------------+---------+------+---------+---------+-----+

+ Detail: 
    * Instance: 
    +-----------------------------------+--------------------------------+---------+----+-----+-----+-----+
    |              Instance             |             Module             | BRAM_18K| DSP|  FF | LUT | URAM|
    +-----------------------------------+--------------------------------+---------+----+-----+-----+-----+
    |fadd_32ns_32ns_32_7_full_dsp_1_U1  |fadd_32ns_32ns_32_7_full_dsp_1  |        0|   2|  318|  198|    0|
    |fmul_32ns_32ns_32_4_max_dsp_1_U2   |fmul_32ns_32ns_32_4_max_dsp_1   |        0|   3|  143|   78|    0|
    +-----------------------------------+--------------------------------+---------+----+-----+-----+-----+
    |Total                              |                                |        0|   5|  461|  276|    0|
    +-----------------------------------+--------------------------------+---------+----+-----+-----+-----+

    * DSP: 
    +----------------------------------+-------------------------------+--------------+
    |             Instance             |             Module            |  Expression  |
    +----------------------------------+-------------------------------+--------------+
    |mac_muladd_8ns_8ns_8ns_16_4_1_U3  |mac_muladd_8ns_8ns_8ns_16_4_1  |  i0 * i1 + i2|
    +----------------------------------+-------------------------------+--------------+

    * Memory: 
    N/A

    * FIFO: 
    N/A

    * Expression: 
    +-------------------------+----------+----+---+----+------------+------------+
    |      Variable Name      | Operation| DSP| FF| LUT| Bitwidth P0| Bitwidth P1|
    +-------------------------+----------+----+---+----+------------+------------+
    |add_ln27_1_fu_202_p2     |         +|   0|  0|  23|          16|           1|
    |add_ln27_fu_214_p2       |         +|   0|  0|  15|           8|           1|
    |add_ln31_fu_281_p2       |         +|   0|  0|  15|           8|           1|
    |ap_condition_278         |       and|   0|  0|   2|           1|           1|
    |ap_condition_511         |       and|   0|  0|   2|           1|           1|
    |ap_condition_515         |       and|   0|  0|   2|           1|           1|
    |icmp_ln27_fu_196_p2      |      icmp|   0|  0|  23|          16|          13|
    |icmp_ln31_1_fu_286_p2    |      icmp|   0|  0|  15|           8|           4|
    |icmp_ln31_fu_220_p2      |      icmp|   0|  0|  15|           8|           4|
    |select_ln25_1_fu_310_p3  |    select|   0|  0|  32|           1|           1|
    |select_ln25_2_fu_300_p3  |    select|   0|  0|  32|           1|           1|
    |select_ln25_fu_226_p3    |    select|   0|  0|   8|           1|           1|
    |select_ln27_fu_234_p3    |    select|   0|  0|   8|           1|           8|
    |ap_enable_pp0            |       xor|   0|  0|   2|           1|           2|
    +-------------------------+----------+----+---+----+------------+------------+
    |Total                    |          |   0|  0| 194|          72|          40|
    +-------------------------+----------+----+---+----+------------+------------+

    * Multiplexer: 
    +--------------------------------------+----+-----------+-----+-----------+
    |                 Name                 | LUT| Input Size| Bits| Total Bits|
    +--------------------------------------+----+-----------+-----+-----------+
    |ap_NS_fsm                             |  49|          9|    1|          9|
    |ap_done_int                           |   9|          2|    1|          2|
    |ap_enable_reg_pp0_iter0               |   9|          2|    1|          2|
    |ap_enable_reg_pp0_iter1               |   9|          2|    1|          2|
    |ap_enable_reg_pp0_iter3               |   9|          2|    1|          2|
    |ap_loop_exit_ready_pp0_iter1_reg      |   9|          2|    1|          2|
    |ap_loop_exit_ready_pp0_iter2_reg      |   9|          2|    1|          2|
    |ap_sig_allocacmp_i_load               |   9|          2|    8|         16|
    |ap_sig_allocacmp_indvar_flatten_load  |   9|          2|   16|         32|
    |ap_sig_allocacmp_j_load               |   9|          2|    8|         16|
    |ap_sig_allocacmp_p_load               |   9|          2|   32|         64|
    |ap_sig_allocacmp_p_load14             |   9|          2|   32|         64|
    |empty_6_fu_68                         |   9|          2|   32|         64|
    |empty_fu_64                           |   9|          2|   32|         64|
    |grp_fu_160_p0                         |  20|          4|   32|        128|
    |grp_fu_160_p1                         |  20|          4|   32|        128|
    |grp_fu_164_p0                         |  26|          5|   32|        160|
    |grp_fu_164_p1                         |  26|          5|   32|        160|
    |i_fu_76                               |   9|          2|    8|         16|
    |indvar_flatten_fu_80                  |   9|          2|   16|         32|
    |j_fu_72                               |   9|          2|    8|         16|
    +--------------------------------------+----+-----------+-----+-----------+
    |Total                                 | 285|         59|  327|        981|
    +--------------------------------------+----+-----------+-----+-----------+

    * Register: 
    +-----------------------------------+----+----+-----+-----------+
    |                Name               | FF | LUT| Bits| Const Bits|
    +-----------------------------------+----+----+-----+-----------+
    |A_load_reg_443                     |  32|   0|   32|          0|
    |B_load_reg_448                     |  32|   0|   32|          0|
    |add2_reg_504                       |  32|   0|   32|          0|
    |add_reg_492                        |  32|   0|   32|          0|
    |alpha_read_reg_387                 |  32|   0|   32|          0|
    |ap_CS_fsm                          |   8|   0|    8|          0|
    |ap_done_reg                        |   1|   0|    1|          0|
    |ap_enable_reg_pp0_iter0_reg        |   1|   0|    1|          0|
    |ap_enable_reg_pp0_iter1            |   1|   0|    1|          0|
    |ap_enable_reg_pp0_iter2            |   1|   0|    1|          0|
    |ap_enable_reg_pp0_iter3            |   1|   0|    1|          0|
    |ap_loop_exit_ready_pp0_iter1_reg   |   1|   0|    1|          0|
    |ap_loop_exit_ready_pp0_iter2_reg   |   1|   0|    1|          0|
    |beta_read_reg_382                  |  32|   0|   32|          0|
    |bitcast_ln33_2_reg_458             |  32|   0|   32|          0|
    |bitcast_ln36_reg_520               |  32|   0|   32|          0|
    |empty_6_fu_68                      |  32|   0|   32|          0|
    |empty_fu_64                        |  32|   0|   32|          0|
    |i_fu_76                            |   8|   0|    8|          0|
    |icmp_ln27_reg_392                  |   1|   0|    1|          0|
    |icmp_ln31_1_reg_468                |   1|   0|    1|          0|
    |icmp_ln31_reg_396                  |   1|   0|    1|          0|
    |icmp_ln31_reg_396_pp0_iter1_reg    |   1|   0|    1|          0|
    |indvar_flatten_fu_80               |  16|   0|   16|          0|
    |j_fu_72                            |   8|   0|    8|          0|
    |mul1_reg_510                       |  32|   0|   32|          0|
    |mul2_reg_515                       |  32|   0|   32|          0|
    |mul3_reg_487                       |  32|   0|   32|          0|
    |mul_reg_477                        |  32|   0|   32|          0|
    |select_ln25_1_reg_482              |  32|   0|   32|          0|
    |select_ln25_2_reg_472              |  32|   0|   32|          0|
    |select_ln25_reg_402                |   8|   0|    8|          0|
    |select_ln27_reg_408                |   8|   0|    8|          0|
    |select_ln27_reg_408_pp0_iter1_reg  |   8|   0|    8|          0|
    |x_load_reg_423                     |  32|   0|   32|          0|
    |y_addr_reg_499                     |   8|   0|    8|          0|
    |y_addr_reg_499_pp0_iter3_reg       |   8|   0|    8|          0|
    |alpha_read_reg_387                 |  64|  32|   32|          0|
    |beta_read_reg_382                  |  64|  32|   32|          0|
    |icmp_ln27_reg_392                  |  64|  32|    1|          0|
    |icmp_ln31_1_reg_468                |  64|  32|    1|          0|
    +-----------------------------------+----+----+-----+-----------+
    |Total                              | 891| 128|  701|          0|
    +-----------------------------------+----+----+-----+-----------+



================================================================
== Interface
================================================================
* Summary: 
+--------------+-----+-----+------------+--------------+--------------+
|   RTL Ports  | Dir | Bits|  Protocol  | Source Object|    C Type    |
+--------------+-----+-----+------------+--------------+--------------+
|ap_clk        |   in|    1|  ap_ctrl_hs|        kernel|  return value|
|ap_rst        |   in|    1|  ap_ctrl_hs|        kernel|  return value|
|ap_start      |   in|    1|  ap_ctrl_hs|        kernel|  return value|
|ap_done       |  out|    1|  ap_ctrl_hs|        kernel|  return value|
|ap_idle       |  out|    1|  ap_ctrl_hs|        kernel|  return value|
|ap_ready      |  out|    1|  ap_ctrl_hs|        kernel|  return value|
|alpha         |   in|   32|     ap_none|         alpha|        scalar|
|beta          |   in|   32|     ap_none|          beta|        scalar|
|A_address0    |  out|   16|   ap_memory|             A|         array|
|A_ce0         |  out|    1|   ap_memory|             A|         array|
|A_q0          |   in|   32|   ap_memory|             A|         array|
|B_address0    |  out|   16|   ap_memory|             B|         array|
|B_ce0         |  out|    1|   ap_memory|             B|         array|
|B_q0          |   in|   32|   ap_memory|             B|         array|
|tmp_address0  |  out|    8|   ap_memory|           tmp|         array|
|tmp_ce0       |  out|    1|   ap_memory|           tmp|         array|
|tmp_we0       |  out|    1|   ap_memory|           tmp|         array|
|tmp_d0        |  out|   32|   ap_memory|           tmp|         array|
|x_address0    |  out|    8|   ap_memory|             x|         array|
|x_ce0         |  out|    1|   ap_memory|             x|         array|
|x_q0          |   in|   32|   ap_memory|             x|         array|
|y_address0    |  out|    8|   ap_memory|             y|         array|
|y_ce0         |  out|    1|   ap_memory|             y|         array|
|y_we0         |  out|    1|   ap_memory|             y|         array|
|y_d0          |  out|   32|   ap_memory|             y|         array|
+--------------+-----+-----+------------+--------------+--------------+

