

================================================================
== Vitis HLS Report for 'node1'
================================================================
* Date:           Mon Oct  7 15:44:18 2024

* Version:        2023.2 (Build 4023990 on Oct 11 2023)
* Project:        hls_mvt
* Solution:       solution1 (Vivado IP Flow Target)
* Product family: virtexuplusHBM
* Target device:  xcu280-fsvh2892-2L-e


================================================================
== Performance Estimates
================================================================
+ Timing: 
    * Summary: 
    +--------+---------+----------+------------+
    |  Clock |  Target | Estimated| Uncertainty|
    +--------+---------+----------+------------+
    |ap_clk  |  3.33 ns|  1.914 ns|     0.90 ns|
    +--------+---------+----------+------------+

+ Latency: 
    * Summary: 
    +---------+---------+----------+----------+-----+-----+---------+
    |  Latency (cycles) |  Latency (absolute) |  Interval | Pipeline|
    |   min   |   max   |    min   |    max   | min | max |   Type  |
    +---------+---------+----------+----------+-----+-----+---------+
    |       42|       42|  0.140 us|  0.140 us|   42|   42|       no|
    +---------+---------+----------+----------+-----+-----+---------+

    + Detail: 
        * Instance: 
        N/A

        * Loop: 
        +----------+---------+---------+----------+-----------+-----------+------+----------+
        |          |  Latency (cycles) | Iteration|  Initiation Interval  | Trip |          |
        | Loop Name|   min   |   max   |  Latency |  achieved |   target  | Count| Pipelined|
        +----------+---------+---------+----------+-----------+-----------+------+----------+
        |- loop2   |       40|       40|         2|          1|          1|    40|       yes|
        +----------+---------+---------+----------+-----------+-----------+------+----------+



================================================================
== Utilization Estimates
================================================================
* Summary: 
+---------------------+---------+------+---------+---------+-----+
|         Name        | BRAM_18K|  DSP |    FF   |   LUT   | URAM|
+---------------------+---------+------+---------+---------+-----+
|DSP                  |        -|     -|        -|        -|    -|
|Expression           |        -|     -|        0|       34|    -|
|FIFO                 |        -|     -|        -|        -|    -|
|Instance             |        -|     -|        -|        -|    -|
|Memory               |        -|     -|        -|        -|    -|
|Multiplexer          |        -|     -|        -|      126|    -|
|Register             |        -|     -|       15|        -|    -|
+---------------------+---------+------+---------+---------+-----+
|Total                |        0|     0|       15|      160|    0|
+---------------------+---------+------+---------+---------+-----+
|Available SLR        |     1344|  3008|   869120|   434560|  320|
+---------------------+---------+------+---------+---------+-----+
|Utilization SLR (%)  |        0|     0|       ~0|       ~0|    0|
+---------------------+---------+------+---------+---------+-----+
|Available            |     4032|  9024|  2607360|  1303680|  960|
+---------------------+---------+------+---------+---------+-----+
|Utilization (%)      |        0|     0|       ~0|       ~0|    0|
+---------------------+---------+------+---------+---------+-----+

+ Detail: 
    * Instance: 
    N/A

    * DSP: 
    N/A

    * Memory: 
    N/A

    * FIFO: 
    N/A

    * Expression: 
    +----------------------------------+----------+----+---+----+------------+------------+
    |           Variable Name          | Operation| DSP| FF| LUT| Bitwidth P0| Bitwidth P1|
    +----------------------------------+----------+----+---+----+------------+------------+
    |add_ln40_fu_292_p2                |         +|   0|  0|  13|           6|           1|
    |ap_condition_245                  |       and|   0|  0|   2|           1|           1|
    |icmp_ln40_fu_286_p2               |      icmp|   0|  0|  13|           6|           6|
    |ap_block_pp0_stage0_11001         |        or|   0|  0|   2|           1|           1|
    |ap_block_state2_pp0_stage0_iter1  |        or|   0|  0|   2|           1|           1|
    |ap_enable_pp0                     |       xor|   0|  0|   2|           1|           2|
    +----------------------------------+----------+----+---+----+------------+------------+
    |Total                             |          |   0|  0|  34|          16|          12|
    +----------------------------------+----------+----+---+----+------------+------------+

    * Multiplexer: 
    +-------------------------+----+-----------+-----+-----------+
    |           Name          | LUT| Input Size| Bits| Total Bits|
    +-------------------------+----+-----------+-----+-----------+
    |ap_done_int              |   9|          2|    1|          2|
    |ap_enable_reg_pp0_iter1  |   9|          2|    1|          2|
    |ap_sig_allocacmp_v7_1    |   9|          2|    6|         12|
    |v55_0_blk_n              |   9|          2|    1|          2|
    |v55_1_blk_n              |   9|          2|    1|          2|
    |v55_2_blk_n              |   9|          2|    1|          2|
    |v55_3_blk_n              |   9|          2|    1|          2|
    |v55_4_blk_n              |   9|          2|    1|          2|
    |v55_5_blk_n              |   9|          2|    1|          2|
    |v55_6_blk_n              |   9|          2|    1|          2|
    |v55_7_blk_n              |   9|          2|    1|          2|
    |v55_8_blk_n              |   9|          2|    1|          2|
    |v55_9_blk_n              |   9|          2|    1|          2|
    |v7_fu_74                 |   9|          2|    6|         12|
    +-------------------------+----+-----------+-----+-----------+
    |Total                    | 126|         28|   24|         48|
    +-------------------------+----+-----------+-----+-----------+

    * Register: 
    +-------------------------+---+----+-----+-----------+
    |           Name          | FF| LUT| Bits| Const Bits|
    +-------------------------+---+----+-----+-----------+
    |ap_CS_fsm                |  1|   0|    1|          0|
    |ap_done_reg              |  1|   0|    1|          0|
    |ap_enable_reg_pp0_iter1  |  1|   0|    1|          0|
    |v7_1_reg_323             |  6|   0|    6|          0|
    |v7_fu_74                 |  6|   0|    6|          0|
    +-------------------------+---+----+-----+-----------+
    |Total                    | 15|   0|   15|          0|
    +-------------------------+---+----+-----+-----------+



================================================================
== Interface
================================================================
* Summary: 
+----------------------+-----+-----+------------+--------------+--------------+
|       RTL Ports      | Dir | Bits|  Protocol  | Source Object|    C Type    |
+----------------------+-----+-----+------------+--------------+--------------+
|ap_clk                |   in|    1|  ap_ctrl_hs|         node1|  return value|
|ap_rst                |   in|    1|  ap_ctrl_hs|         node1|  return value|
|ap_start              |   in|    1|  ap_ctrl_hs|         node1|  return value|
|ap_done               |  out|    1|  ap_ctrl_hs|         node1|  return value|
|ap_continue           |   in|    1|  ap_ctrl_hs|         node1|  return value|
|ap_idle               |  out|    1|  ap_ctrl_hs|         node1|  return value|
|ap_ready              |  out|    1|  ap_ctrl_hs|         node1|  return value|
|v55_0_dout            |   in|   32|     ap_fifo|         v55_0|       pointer|
|v55_0_num_data_valid  |   in|    7|     ap_fifo|         v55_0|       pointer|
|v55_0_fifo_cap        |   in|    7|     ap_fifo|         v55_0|       pointer|
|v55_0_empty_n         |   in|    1|     ap_fifo|         v55_0|       pointer|
|v55_0_read            |  out|    1|     ap_fifo|         v55_0|       pointer|
|v55_1_dout            |   in|   32|     ap_fifo|         v55_1|       pointer|
|v55_1_num_data_valid  |   in|    7|     ap_fifo|         v55_1|       pointer|
|v55_1_fifo_cap        |   in|    7|     ap_fifo|         v55_1|       pointer|
|v55_1_empty_n         |   in|    1|     ap_fifo|         v55_1|       pointer|
|v55_1_read            |  out|    1|     ap_fifo|         v55_1|       pointer|
|v55_2_dout            |   in|   32|     ap_fifo|         v55_2|       pointer|
|v55_2_num_data_valid  |   in|    7|     ap_fifo|         v55_2|       pointer|
|v55_2_fifo_cap        |   in|    7|     ap_fifo|         v55_2|       pointer|
|v55_2_empty_n         |   in|    1|     ap_fifo|         v55_2|       pointer|
|v55_2_read            |  out|    1|     ap_fifo|         v55_2|       pointer|
|v55_3_dout            |   in|   32|     ap_fifo|         v55_3|       pointer|
|v55_3_num_data_valid  |   in|    7|     ap_fifo|         v55_3|       pointer|
|v55_3_fifo_cap        |   in|    7|     ap_fifo|         v55_3|       pointer|
|v55_3_empty_n         |   in|    1|     ap_fifo|         v55_3|       pointer|
|v55_3_read            |  out|    1|     ap_fifo|         v55_3|       pointer|
|v55_4_dout            |   in|   32|     ap_fifo|         v55_4|       pointer|
|v55_4_num_data_valid  |   in|    7|     ap_fifo|         v55_4|       pointer|
|v55_4_fifo_cap        |   in|    7|     ap_fifo|         v55_4|       pointer|
|v55_4_empty_n         |   in|    1|     ap_fifo|         v55_4|       pointer|
|v55_4_read            |  out|    1|     ap_fifo|         v55_4|       pointer|
|v55_5_dout            |   in|   32|     ap_fifo|         v55_5|       pointer|
|v55_5_num_data_valid  |   in|    7|     ap_fifo|         v55_5|       pointer|
|v55_5_fifo_cap        |   in|    7|     ap_fifo|         v55_5|       pointer|
|v55_5_empty_n         |   in|    1|     ap_fifo|         v55_5|       pointer|
|v55_5_read            |  out|    1|     ap_fifo|         v55_5|       pointer|
|v55_6_dout            |   in|   32|     ap_fifo|         v55_6|       pointer|
|v55_6_num_data_valid  |   in|    7|     ap_fifo|         v55_6|       pointer|
|v55_6_fifo_cap        |   in|    7|     ap_fifo|         v55_6|       pointer|
|v55_6_empty_n         |   in|    1|     ap_fifo|         v55_6|       pointer|
|v55_6_read            |  out|    1|     ap_fifo|         v55_6|       pointer|
|v55_7_dout            |   in|   32|     ap_fifo|         v55_7|       pointer|
|v55_7_num_data_valid  |   in|    7|     ap_fifo|         v55_7|       pointer|
|v55_7_fifo_cap        |   in|    7|     ap_fifo|         v55_7|       pointer|
|v55_7_empty_n         |   in|    1|     ap_fifo|         v55_7|       pointer|
|v55_7_read            |  out|    1|     ap_fifo|         v55_7|       pointer|
|v55_8_dout            |   in|   32|     ap_fifo|         v55_8|       pointer|
|v55_8_num_data_valid  |   in|    7|     ap_fifo|         v55_8|       pointer|
|v55_8_fifo_cap        |   in|    7|     ap_fifo|         v55_8|       pointer|
|v55_8_empty_n         |   in|    1|     ap_fifo|         v55_8|       pointer|
|v55_8_read            |  out|    1|     ap_fifo|         v55_8|       pointer|
|v55_9_dout            |   in|   32|     ap_fifo|         v55_9|       pointer|
|v55_9_num_data_valid  |   in|    7|     ap_fifo|         v55_9|       pointer|
|v55_9_fifo_cap        |   in|    7|     ap_fifo|         v55_9|       pointer|
|v55_9_empty_n         |   in|    1|     ap_fifo|         v55_9|       pointer|
|v55_9_read            |  out|    1|     ap_fifo|         v55_9|       pointer|
|v51_0_address0        |  out|    6|   ap_memory|         v51_0|         array|
|v51_0_ce0             |  out|    1|   ap_memory|         v51_0|         array|
|v51_0_we0             |  out|    1|   ap_memory|         v51_0|         array|
|v51_0_d0              |  out|   32|   ap_memory|         v51_0|         array|
|v51_1_address0        |  out|    6|   ap_memory|         v51_1|         array|
|v51_1_ce0             |  out|    1|   ap_memory|         v51_1|         array|
|v51_1_we0             |  out|    1|   ap_memory|         v51_1|         array|
|v51_1_d0              |  out|   32|   ap_memory|         v51_1|         array|
|v51_2_address0        |  out|    6|   ap_memory|         v51_2|         array|
|v51_2_ce0             |  out|    1|   ap_memory|         v51_2|         array|
|v51_2_we0             |  out|    1|   ap_memory|         v51_2|         array|
|v51_2_d0              |  out|   32|   ap_memory|         v51_2|         array|
|v51_3_address0        |  out|    6|   ap_memory|         v51_3|         array|
|v51_3_ce0             |  out|    1|   ap_memory|         v51_3|         array|
|v51_3_we0             |  out|    1|   ap_memory|         v51_3|         array|
|v51_3_d0              |  out|   32|   ap_memory|         v51_3|         array|
|v51_4_address0        |  out|    6|   ap_memory|         v51_4|         array|
|v51_4_ce0             |  out|    1|   ap_memory|         v51_4|         array|
|v51_4_we0             |  out|    1|   ap_memory|         v51_4|         array|
|v51_4_d0              |  out|   32|   ap_memory|         v51_4|         array|
|v51_5_address0        |  out|    6|   ap_memory|         v51_5|         array|
|v51_5_ce0             |  out|    1|   ap_memory|         v51_5|         array|
|v51_5_we0             |  out|    1|   ap_memory|         v51_5|         array|
|v51_5_d0              |  out|   32|   ap_memory|         v51_5|         array|
|v51_6_address0        |  out|    6|   ap_memory|         v51_6|         array|
|v51_6_ce0             |  out|    1|   ap_memory|         v51_6|         array|
|v51_6_we0             |  out|    1|   ap_memory|         v51_6|         array|
|v51_6_d0              |  out|   32|   ap_memory|         v51_6|         array|
|v51_7_address0        |  out|    6|   ap_memory|         v51_7|         array|
|v51_7_ce0             |  out|    1|   ap_memory|         v51_7|         array|
|v51_7_we0             |  out|    1|   ap_memory|         v51_7|         array|
|v51_7_d0              |  out|   32|   ap_memory|         v51_7|         array|
|v51_8_address0        |  out|    6|   ap_memory|         v51_8|         array|
|v51_8_ce0             |  out|    1|   ap_memory|         v51_8|         array|
|v51_8_we0             |  out|    1|   ap_memory|         v51_8|         array|
|v51_8_d0              |  out|   32|   ap_memory|         v51_8|         array|
|v51_9_address0        |  out|    6|   ap_memory|         v51_9|         array|
|v51_9_ce0             |  out|    1|   ap_memory|         v51_9|         array|
|v51_9_we0             |  out|    1|   ap_memory|         v51_9|         array|
|v51_9_d0              |  out|   32|   ap_memory|         v51_9|         array|
+----------------------+-----+-----+------------+--------------+--------------+

